Archive member included to satisfy reference by file (symbol)

c:/program files (x86)/atollic/truestudio for stm32 9.2.0/armtools/bin/../lib/gcc/arm-atollic-eabi/6.3.1/../../../../arm-atollic-eabi/lib/armv7-m\libc_nano.a(lib_a-atoi.o)
                              io6Library\Internet\FTPClient\ftpc.o (atoi)
c:/program files (x86)/atollic/truestudio for stm32 9.2.0/armtools/bin/../lib/gcc/arm-atollic-eabi/6.3.1/../../../../arm-atollic-eabi/lib/armv7-m\libc_nano.a(lib_a-calloc.o)
                              io6Library\Security\mbedtls\library\asn1parse.o (calloc)
c:/program files (x86)/atollic/truestudio for stm32 9.2.0/armtools/bin/../lib/gcc/arm-atollic-eabi/6.3.1/../../../../arm-atollic-eabi/lib/armv7-m\libc_nano.a(lib_a-errno.o)
                              Src\syscalls.o (__errno)
c:/program files (x86)/atollic/truestudio for stm32 9.2.0/armtools/bin/../lib/gcc/arm-atollic-eabi/6.3.1/../../../../arm-atollic-eabi/lib/armv7-m\libc_nano.a(lib_a-impure.o)
                              io6Library\Security\SSLInterface.o (_impure_ptr)
c:/program files (x86)/atollic/truestudio for stm32 9.2.0/armtools/bin/../lib/gcc/arm-atollic-eabi/6.3.1/../../../../arm-atollic-eabi/lib/armv7-m\libc_nano.a(lib_a-init.o)
                              startup\startup_stm32f103xe.o (__libc_init_array)
c:/program files (x86)/atollic/truestudio for stm32 9.2.0/armtools/bin/../lib/gcc/arm-atollic-eabi/6.3.1/../../../../arm-atollic-eabi/lib/armv7-m\libc_nano.a(lib_a-lcltime.o)
                              io6Library\Internet\SNTP\sntp.o (localtime)
c:/program files (x86)/atollic/truestudio for stm32 9.2.0/armtools/bin/../lib/gcc/arm-atollic-eabi/6.3.1/../../../../arm-atollic-eabi/lib/armv7-m\libc_nano.a(lib_a-lcltime_r.o)
                              c:/program files (x86)/atollic/truestudio for stm32 9.2.0/armtools/bin/../lib/gcc/arm-atollic-eabi/6.3.1/../../../../arm-atollic-eabi/lib/armv7-m\libc_nano.a(lib_a-lcltime.o) (localtime_r)
c:/program files (x86)/atollic/truestudio for stm32 9.2.0/armtools/bin/../lib/gcc/arm-atollic-eabi/6.3.1/../../../../arm-atollic-eabi/lib/armv7-m\libc_nano.a(lib_a-malloc.o)
                              io6Library\Internet\httpServer\httpServer.o (malloc)
c:/program files (x86)/atollic/truestudio for stm32 9.2.0/armtools/bin/../lib/gcc/arm-atollic-eabi/6.3.1/../../../../arm-atollic-eabi/lib/armv7-m\libc_nano.a(lib_a-memcmp.o)
                              io6Library\Security\mbedtls\library\asn1parse.o (memcmp)
c:/program files (x86)/atollic/truestudio for stm32 9.2.0/armtools/bin/../lib/gcc/arm-atollic-eabi/6.3.1/../../../../arm-atollic-eabi/lib/armv7-m\libc_nano.a(lib_a-memcpy-stub.o)
                              io6Library\Internet\httpServer\httpServer.o (memcpy)
c:/program files (x86)/atollic/truestudio for stm32 9.2.0/armtools/bin/../lib/gcc/arm-atollic-eabi/6.3.1/../../../../arm-atollic-eabi/lib/armv7-m\libc_nano.a(lib_a-memmove.o)
                              io6Library\Security\mbedtls\library\ssl_tls.o (memmove)
c:/program files (x86)/atollic/truestudio for stm32 9.2.0/armtools/bin/../lib/gcc/arm-atollic-eabi/6.3.1/../../../../arm-atollic-eabi/lib/armv7-m\libc_nano.a(lib_a-memset.o)
                              Drivers\STM32F1xx_HAL_Driver\Src\stm32f1xx_hal_rcc.o (memset)
c:/program files (x86)/atollic/truestudio for stm32 9.2.0/armtools/bin/../lib/gcc/arm-atollic-eabi/6.3.1/../../../../arm-atollic-eabi/lib/armv7-m\libc_nano.a(lib_a-month_lengths.o)
                              c:/program files (x86)/atollic/truestudio for stm32 9.2.0/armtools/bin/../lib/gcc/arm-atollic-eabi/6.3.1/../../../../arm-atollic-eabi/lib/armv7-m\libc_nano.a(lib_a-lcltime_r.o) (__month_lengths)
c:/program files (x86)/atollic/truestudio for stm32 9.2.0/armtools/bin/../lib/gcc/arm-atollic-eabi/6.3.1/../../../../arm-atollic-eabi/lib/armv7-m\libc_nano.a(lib_a-nano-callocr.o)
                              c:/program files (x86)/atollic/truestudio for stm32 9.2.0/armtools/bin/../lib/gcc/arm-atollic-eabi/6.3.1/../../../../arm-atollic-eabi/lib/armv7-m\libc_nano.a(lib_a-calloc.o) (_calloc_r)
c:/program files (x86)/atollic/truestudio for stm32 9.2.0/armtools/bin/../lib/gcc/arm-atollic-eabi/6.3.1/../../../../arm-atollic-eabi/lib/armv7-m\libc_nano.a(lib_a-nano-freer.o)
                              c:/program files (x86)/atollic/truestudio for stm32 9.2.0/armtools/bin/../lib/gcc/arm-atollic-eabi/6.3.1/../../../../arm-atollic-eabi/lib/armv7-m\libc_nano.a(lib_a-malloc.o) (_free_r)
c:/program files (x86)/atollic/truestudio for stm32 9.2.0/armtools/bin/../lib/gcc/arm-atollic-eabi/6.3.1/../../../../arm-atollic-eabi/lib/armv7-m\libc_nano.a(lib_a-nano-mallocr.o)
                              c:/program files (x86)/atollic/truestudio for stm32 9.2.0/armtools/bin/../lib/gcc/arm-atollic-eabi/6.3.1/../../../../arm-atollic-eabi/lib/armv7-m\libc_nano.a(lib_a-malloc.o) (_malloc_r)
[...]
Memory Configuration

Name             Origin             Length             Attributes
RAM              0x20000000         0x0000c000         xrw
FLASH            0x08000000         0x00040000         xr
*default*        0x00000000         0xffffffff

Linker script and memory map

LOAD c:/program files (x86)/atollic/truestudio for stm32 9.2.0/armtools/bin/../lib/gcc/arm-atollic-eabi/6.3.1/armv7-m/crti.o
LOAD c:/program files (x86)/atollic/truestudio for stm32 9.2.0/armtools/bin/../lib/gcc/arm-atollic-eabi/6.3.1/armv7-m/crtbegin.o
LOAD Drivers\STM32F1xx_HAL_Driver\Src\stm32f1xx_hal.o
LOAD Drivers\STM32F1xx_HAL_Driver\Src\stm32f1xx_hal_cortex.o
LOAD Drivers\STM32F1xx_HAL_Driver\Src\stm32f1xx_hal_dma.o
LOAD Drivers\STM32F1xx_HAL_Driver\Src\stm32f1xx_hal_flash.o
LOAD Drivers\STM32F1xx_HAL_Driver\Src\stm32f1xx_hal_flash_ex.o
LOAD Drivers\STM32F1xx_HAL_Driver\Src\stm32f1xx_hal_gpio.o
LOAD Drivers\STM32F1xx_HAL_Driver\Src\stm32f1xx_hal_gpio_ex.o
LOAD Drivers\STM32F1xx_HAL_Driver\Src\stm32f1xx_hal_pwr.o
LOAD Drivers\STM32F1xx_HAL_Driver\Src\stm32f1xx_hal_rcc.o
LOAD Drivers\STM32F1xx_HAL_Driver\Src\stm32f1xx_hal_rcc_ex.o
LOAD Drivers\STM32F1xx_HAL_Driver\Src\stm32f1xx_hal_spi.o
LOAD Drivers\STM32F1xx_HAL_Driver\Src\stm32f1xx_hal_spi_ex.o
LOAD Drivers\STM32F1xx_HAL_Driver\Src\stm32f1xx_hal_tim.o
LOAD Drivers\STM32F1xx_HAL_Driver\Src\stm32f1xx_hal_tim_ex.o
LOAD Drivers\STM32F1xx_HAL_Driver\Src\stm32f1xx_hal_uart.o
LOAD Src\board_init.o
LOAD Src\main.o
LOAD Src\stm32f1xx_hal_msp.o
LOAD Src\stm32f1xx_it.o
LOAD Src\syscalls.o
LOAD Src\system_stm32f1xx.o
LOAD Src\wizchip_init.o
LOAD io6Library\Application\loopback\loopback.o
LOAD io6Library\Ethernet\W6100\w6100.o
LOAD io6Library\Ethernet\socket.o
LOAD io6Library\Ethernet\wizchip_conf.o
LOAD io6Library\Internet\DHCP6\dhcpv6.o
LOAD io6Library\Internet\DNS\dns.o
LOAD io6Library\Internet\FTPClient\ftpc.o
LOAD io6Library\Internet\SNTP\sntp.o
LOAD io6Library\Internet\httpServer\httpParser.o
LOAD io6Library\Internet\httpServer\httpServer.o
LOAD io6Library\Internet\httpServer\httpUtil.o
LOAD io6Library\Security\SSLInterface.o
LOAD io6Library\Security\SSL_Random.o
LOAD io6Library\Security\mbedtls\library\aes.o
LOAD io6Library\Security\mbedtls\library\aesni.o
LOAD io6Library\Security\mbedtls\library\arc4.o
LOAD io6Library\Security\mbedtls\library\aria.o
LOAD io6Library\Security\mbedtls\library\asn1parse.o
LOAD io6Library\Security\mbedtls\library\asn1write.o
LOAD io6Library\Security\mbedtls\library\base64.o
LOAD io6Library\Security\mbedtls\library\bignum.o
LOAD io6Library\Security\mbedtls\library\blowfish.o
LOAD io6Library\Security\mbedtls\library\camellia.o
LOAD io6Library\Security\mbedtls\library\ccm.o
LOAD io6Library\Security\mbedtls\library\certs.o
LOAD io6Library\Security\mbedtls\library\chacha20.o
LOAD io6Library\Security\mbedtls\library\chachapoly.o
LOAD io6Library\Security\mbedtls\library\cipher.o
LOAD io6Library\Security\mbedtls\library\cipher_wrap.o
LOAD io6Library\Security\mbedtls\library\cmac.o
LOAD io6Library\Security\mbedtls\library\ctr_drbg.o
LOAD io6Library\Security\mbedtls\library\debug.o
LOAD io6Library\Security\mbedtls\library\des.o
LOAD io6Library\Security\mbedtls\library\dhm.o
LOAD io6Library\Security\mbedtls\library\ecdh.o
LOAD io6Library\Security\mbedtls\library\ecdsa.o
LOAD io6Library\Security\mbedtls\library\ecjpake.o
LOAD io6Library\Security\mbedtls\library\ecp.o
LOAD io6Library\Security\mbedtls\library\ecp_curves.o
LOAD io6Library\Security\mbedtls\library\entropy.o
LOAD io6Library\Security\mbedtls\library\entropy_poll.o
LOAD io6Library\Security\mbedtls\library\error.o
LOAD io6Library\Security\mbedtls\library\gcm.o
LOAD io6Library\Security\mbedtls\library\havege.o
LOAD io6Library\Security\mbedtls\library\hkdf.o
LOAD io6Library\Security\mbedtls\library\hmac_drbg.o
LOAD io6Library\Security\mbedtls\library\md.o
LOAD io6Library\Security\mbedtls\library\md2.o
LOAD io6Library\Security\mbedtls\library\md4.o
LOAD io6Library\Security\mbedtls\library\md5.o
LOAD io6Library\Security\mbedtls\library\md_wrap.o
LOAD io6Library\Security\mbedtls\library\memory_buffer_alloc.o
LOAD io6Library\Security\mbedtls\library\net_sockets.o
LOAD io6Library\Security\mbedtls\library\nist_kw.o
LOAD io6Library\Security\mbedtls\library\oid.o
LOAD io6Library\Security\mbedtls\library\padlock.o
LOAD io6Library\Security\mbedtls\library\pem.o
LOAD io6Library\Security\mbedtls\library\pk.o
LOAD io6Library\Security\mbedtls\library\pk_wrap.o
LOAD io6Library\Security\mbedtls\library\pkcs11.o
LOAD io6Library\Security\mbedtls\library\pkcs12.o
LOAD io6Library\Security\mbedtls\library\pkcs5.o
LOAD io6Library\Security\mbedtls\library\pkparse.o
LOAD io6Library\Security\mbedtls\library\pkwrite.o
LOAD io6Library\Security\mbedtls\library\platform.o
LOAD io6Library\Security\mbedtls\library\platform_util.o
LOAD io6Library\Security\mbedtls\library\poly1305.o
LOAD io6Library\Security\mbedtls\library\ripemd160.o
LOAD io6Library\Security\mbedtls\library\rsa.o
LOAD io6Library\Security\mbedtls\library\rsa_internal.o
LOAD io6Library\Security\mbedtls\library\sha1.o
LOAD io6Library\Security\mbedtls\library\sha256.o
LOAD io6Library\Security\mbedtls\library\sha512.o
LOAD io6Library\Security\mbedtls\library\ssl_cache.o
LOAD io6Library\Security\mbedtls\library\ssl_ciphersuites.o
LOAD io6Library\Security\mbedtls\library\ssl_cli.o
LOAD io6Library\Security\mbedtls\library\ssl_cookie.o
LOAD io6Library\Security\mbedtls\library\ssl_srv.o
LOAD io6Library\Security\mbedtls\library\ssl_ticket.o
LOAD io6Library\Security\mbedtls\library\ssl_tls.o
LOAD io6Library\Security\mbedtls\library\threading.o
LOAD io6Library\Security\mbedtls\library\timing.o
LOAD io6Library\Security\mbedtls\library\version.o
LOAD io6Library\Security\mbedtls\library\version_features.o
LOAD io6Library\Security\mbedtls\library\x509.o
LOAD io6Library\Security\mbedtls\library\x509_create.o
LOAD io6Library\Security\mbedtls\library\x509_crl.o
LOAD io6Library\Security\mbedtls\library\x509_crt.o
LOAD io6Library\Security\mbedtls\library\x509_csr.o
LOAD io6Library\Security\mbedtls\library\x509write_crt.o
LOAD io6Library\Security\mbedtls\library\x509write_csr.o
LOAD io6Library\Security\mbedtls\library\xtea.o
LOAD startup\startup_stm32f103xe.o
                0x00000080                malloc_getpagesize_P = 0x80
START GROUP
LOAD c:/program files (x86)/atollic/truestudio for stm32 9.2.0/armtools/bin/../lib/gcc/arm-atollic-eabi/6.3.1/../../../../arm-atollic-eabi/lib/armv7-m\libc_nano.a
LOAD c:/program files (x86)/atollic/truestudio for stm32 9.2.0/armtools/bin/../lib/gcc/arm-atollic-eabi/6.3.1/../../../../arm-atollic-eabi/lib/armv7-m\libm.a
END GROUP
START GROUP
LOAD c:/program files (x86)/atollic/truestudio for stm32 9.2.0/armtools/bin/../lib/gcc/arm-atollic-eabi/6.3.1/armv7-m\libgcc.a
LOAD c:/program files (x86)/atollic/truestudio for stm32 9.2.0/armtools/bin/../lib/gcc/arm-atollic-eabi/6.3.1/../../../../arm-atollic-eabi/lib/armv7-m\libc_nano.a
END GROUP
START GROUP
LOAD c:/program files (x86)/atollic/truestudio for stm32 9.2.0/armtools/bin/../lib/gcc/arm-atollic-eabi/6.3.1/armv7-m\libgcc.a
LOAD c:/program files (x86)/atollic/truestudio for stm32 9.2.0/armtools/bin/../lib/gcc/arm-atollic-eabi/6.3.1/../../../../arm-atollic-eabi/lib/armv7-m\libc_nano.a
LOAD c:/program files (x86)/atollic/truestudio for stm32 9.2.0/armtools/bin/../lib/gcc/arm-atollic-eabi/6.3.1/../../../../arm-atollic-eabi/lib/armv7-m\libnosys.a
END GROUP
START GROUP
LOAD c:/program files (x86)/atollic/truestudio for stm32 9.2.0/armtools/bin/../lib/gcc/arm-atollic-eabi/6.3.1/armv7-m\libgcc.a
LOAD c:/program files (x86)/atollic/truestudio for stm32 9.2.0/armtools/bin/../lib/gcc/arm-atollic-eabi/6.3.1/../../../../arm-atollic-eabi/lib/armv7-m\libc_nano.a
LOAD c:/program files (x86)/atollic/truestudio for stm32 9.2.0/armtools/bin/../lib/gcc/arm-atollic-eabi/6.3.1/../../../../arm-atollic-eabi/lib/armv7-m\libnosys.a
END GROUP
LOAD c:/program files (x86)/atollic/truestudio for stm32 9.2.0/armtools/bin/../lib/gcc/arm-atollic-eabi/6.3.1/armv7-m/crtend.o
LOAD c:/program files (x86)/atollic/truestudio for stm32 9.2.0/armtools/bin/../lib/gcc/arm-atollic-eabi/6.3.1/armv7-m/crtn.o
                0x2000c000                _estack = 0x2000c000
                0x00000200                _Min_Heap_Size = 0x200
                0x00000400                _Min_Stack_Size = 0x400

.isr_vector     0x08000000      0x1e4
                0x08000000                . = ALIGN (0x4)
 *(.isr_vector)
 .isr_vector    0x08000000      0x1e4 startup\startup_stm32f103xe.o
                0x08000000                g_pfnVectors
                0x080001e4                . = ALIGN (0x4)

.text           0x080001e8    0x13030
                0x080001e8                . = ALIGN (0x4)
 *(.text)
 .text          0x080001e8       0x40 c:/program files (x86)/atollic/truestudio for stm32 9.2.0/armtools/bin/../lib/gcc/arm-atollic-eabi/6.3.1/armv7-m/crtbegin.o
 .text          0x08000228       0x10 c:/program files (x86)/atollic/truestudio for stm32 9.2.0/armtools/bin/../lib/gcc/arm-atollic-eabi/6.3.1/../../../../arm-atollic-eabi/lib/armv7-m\libc_nano.a(lib_a-strlen.o)
                0x08000228                strlen
 .text          0x08000238       0x30 c:/program files (x86)/atollic/truestudio for stm32 9.2.0/armtools/bin/../lib/gcc/arm-atollic-eabi/6.3.1/armv7-m\libgcc.a(_aeabi_uldivmod.o)
                0x08000238                __aeabi_uldivmod
 .text          0x08000268      0x2dc c:/program files (x86)/atollic/truestudio for stm32 9.2.0/armtools/bin/../lib/gcc/arm-atollic-eabi/6.3.1/armv7-m\libgcc.a(_udivmoddi4.o)
                0x08000268                __udivmoddi4
 .text          0x08000544        0x4 c:/program files (x86)/atollic/truestudio for stm32 9.2.0/armtools/bin/../lib/gcc/arm-atollic-eabi/6.3.1/armv7-m\libgcc.a(_dvmd_tls.o)
                0x08000544                __aeabi_idiv0
                0x08000544                __aeabi_ldiv0
 *(.text*)
 .text.HAL_InitTick
                0x08000548       0x48 Drivers\STM32F1xx_HAL_Driver\Src\stm32f1xx_hal.o
                0x08000548                HAL_InitTick
 .text.HAL_Init
                0x08000590       0x24 Drivers\STM32F1xx_HAL_Driver\Src\stm32f1xx_hal.o
                0x08000590                HAL_Init
 .text.HAL_IncTick
                0x080005b4       0x18 Drivers\STM32F1xx_HAL_Driver\Src\stm32f1xx_hal.o
                0x080005b4                HAL_IncTick
 .text.HAL_GetTick
                0x080005cc        0xc Drivers\STM32F1xx_HAL_Driver\Src\stm32f1xx_hal.o
                0x080005cc                HAL_GetTick
 .text.HAL_Delay
                0x080005d8       0x24 Drivers\STM32F1xx_HAL_Driver\Src\stm32f1xx_hal.o
                0x080005d8                HAL_Delay
 .text.HAL_NVIC_SetPriorityGrouping
                0x080005fc       0x24 Drivers\STM32F1xx_HAL_Driver\Src\stm32f1xx_hal_cortex.o
                0x080005fc                HAL_NVIC_SetPriorityGrouping
 .text.HAL_NVIC_SetPriority
                0x08000620       0x68 Drivers\STM32F1xx_HAL_Driver\Src\stm32f1xx_hal_cortex.o
                0x08000620                HAL_NVIC_SetPriority
 .text.HAL_NVIC_EnableIRQ
                0x08000688       0x18 Drivers\STM32F1xx_HAL_Driver\Src\stm32f1xx_hal_cortex.o
                0x08000688                HAL_NVIC_EnableIRQ
 .text.HAL_SYSTICK_Config
                0x080006a0       0x2c Drivers\STM32F1xx_HAL_Driver\Src\stm32f1xx_hal_cortex.o
                0x080006a0                HAL_SYSTICK_Config
 .text.HAL_DMA_Abort_IT
                0x080006cc       0xdc Drivers\STM32F1xx_HAL_Driver\Src\stm32f1xx_hal_dma.o
                0x080006cc                HAL_DMA_Abort_IT
 .text.HAL_GPIO_Init
                0x080007a8      0x1d8 Drivers\STM32F1xx_HAL_Driver\Src\stm32f1xx_hal_gpio.o
                0x080007a8                HAL_GPIO_Init
 .text.HAL_GPIO_WritePin
                0x08000980        0xa Drivers\STM32F1xx_HAL_Driver\Src\stm32f1xx_hal_gpio.o
                0x08000980                HAL_GPIO_WritePin
 *fill*         0x0800098a        0x2 
 .text.HAL_RCC_OscConfig
                0x0800098c      0x318 Drivers\STM32F1xx_HAL_Driver\Src\stm32f1xx_hal_rcc.o
                0x0800098c                HAL_RCC_OscConfig
 .text.HAL_RCC_GetSysClockFreq
                0x08000ca4       0x84 Drivers\STM32F1xx_HAL_Driver\Src\stm32f1xx_hal_rcc.o
                0x08000ca4                HAL_RCC_GetSysClockFreq
 .text.HAL_RCC_ClockConfig
                0x08000d28      0x164 Drivers\STM32F1xx_HAL_Driver\Src\stm32f1xx_hal_rcc.o
                0x08000d28                HAL_RCC_ClockConfig
 .text.HAL_RCC_GetPCLK1Freq
                0x08000e8c       0x20 Drivers\STM32F1xx_HAL_Driver\Src\stm32f1xx_hal_rcc.o
                0x08000e8c                HAL_RCC_GetPCLK1Freq
 .text.HAL_RCC_GetPCLK2Freq
                0x08000eac       0x20 Drivers\STM32F1xx_HAL_Driver\Src\stm32f1xx_hal_rcc.o
                0x08000eac                HAL_RCC_GetPCLK2Freq
 .text.SPI_WaitFlagStateUntilTimeout
                0x08000ecc       0x8e Drivers\STM32F1xx_HAL_Driver\Src\stm32f1xx_hal_spi.o
 .text.SPI_CheckFlag_BSY
                0x08000f5a       0x20 Drivers\STM32F1xx_HAL_Driver\Src\stm32f1xx_hal_spi.o
 .text.HAL_SPI_TransmitReceive
                0x08000f7a      0x1fa Drivers\STM32F1xx_HAL_Driver\Src\stm32f1xx_hal_spi.o
                0x08000f7a                HAL_SPI_TransmitReceive
 .text.HAL_SPI_Init
                0x08001174       0x76 Drivers\STM32F1xx_HAL_Driver\Src\stm32f1xx_hal_spi_ex.o
                0x08001174                HAL_SPI_Init
 .text.UART_EndRxTransfer
                0x080011ea       0x1a Drivers\STM32F1xx_HAL_Driver\Src\stm32f1xx_hal_uart.o
 .text.UART_SetConfig
                0x08001204      0x13c Drivers\STM32F1xx_HAL_Driver\Src\stm32f1xx_hal_uart.o
 .text.UART_WaitOnFlagUntilTimeout.constprop.3
                0x08001340       0x50 Drivers\STM32F1xx_HAL_Driver\Src\stm32f1xx_hal_uart.o
 .text.HAL_UART_Init
                0x08001390       0x5c Drivers\STM32F1xx_HAL_Driver\Src\stm32f1xx_hal_uart.o
                0x08001390                HAL_UART_Init
 .text.HAL_UART_Transmit
                0x080013ec       0xb8 Drivers\STM32F1xx_HAL_Driver\Src\stm32f1xx_hal_uart.o
                0x080013ec                HAL_UART_Transmit
 .text.HAL_UART_Receive_IT
                0x080014a4       0x4e Drivers\STM32F1xx_HAL_Driver\Src\stm32f1xx_hal_uart.o
                0x080014a4                HAL_UART_Receive_IT
 .text.HAL_UART_TxCpltCallback
                0x080014f2        0x2 Drivers\STM32F1xx_HAL_Driver\Src\stm32f1xx_hal_uart.o
                0x080014f2                HAL_UART_TxCpltCallback
 .text.UART_Receive_IT
                0x080014f4       0x7c Drivers\STM32F1xx_HAL_Driver\Src\stm32f1xx_hal_uart.o
 .text.HAL_UART_ErrorCallback
                0x08001570        0x2 Drivers\STM32F1xx_HAL_Driver\Src\stm32f1xx_hal_uart.o
                0x08001570                HAL_UART_ErrorCallback
 *fill*         0x08001572        0x2 
 .text.HAL_UART_IRQHandler
                0x08001574      0x140 Drivers\STM32F1xx_HAL_Driver\Src\stm32f1xx_hal_uart.o
                0x08001574                HAL_UART_IRQHandler
 .text.UART_DMAAbortOnError
                0x080016b4       0x10 Drivers\STM32F1xx_HAL_Driver\Src\stm32f1xx_hal_uart.o
 .text.BoardInitialze
                0x080016c4        0x4 Src\board_init.o
                0x080016c4                BoardInitialze
 .text._write   0x080016c8       0x28 Src\main.o
                0x080016c8                _write
 .text.HAL_UART_RxCpltCallback
                0x080016f0       0x2c Src\main.o
                0x080016f0                HAL_UART_RxCpltCallback
 .text.SystemClock_Config
                0x0800171c       0x54 Src\main.o
                0x0800171c                SystemClock_Config
 .text.print_network_information
                0x08001770      0x1fc Src\main.o
                0x08001770                print_network_information
 .text.startup.main
                0x0800196c      0x220 Src\main.o
                0x0800196c                main
 .text.HAL_MspInit
                0x08001b8c       0x44 Src\stm32f1xx_hal_msp.o
                0x08001b8c                HAL_MspInit
 .text.HAL_SPI_MspInit
                0x08001bd0       0x78 Src\stm32f1xx_hal_msp.o
                0x08001bd0                HAL_SPI_MspInit
 .text.HAL_UART_MspInit
                0x08001c48       0x88 Src\stm32f1xx_hal_msp.o
                0x08001c48                HAL_UART_MspInit
 .text.NMI_Handler
                0x08001cd0        0x2 Src\stm32f1xx_it.o
                0x08001cd0                NMI_Handler
 .text.HardFault_Handler
                0x08001cd2        0x2 Src\stm32f1xx_it.o
                0x08001cd2                HardFault_Handler
 .text.MemManage_Handler
                0x08001cd4        0x2 Src\stm32f1xx_it.o
                0x08001cd4                MemManage_Handler
 .text.BusFault_Handler
                0x08001cd6        0x2 Src\stm32f1xx_it.o
                0x08001cd6                BusFault_Handler
 .text.UsageFault_Handler
                0x08001cd8        0x2 Src\stm32f1xx_it.o
                0x08001cd8                UsageFault_Handler
 .text.SVC_Handler
                0x08001cda        0x2 Src\stm32f1xx_it.o
                0x08001cda                SVC_Handler
 .text.DebugMon_Handler
                0x08001cdc        0x2 Src\stm32f1xx_it.o
                0x08001cdc                DebugMon_Handler
 .text.PendSV_Handler
                0x08001cde        0x2 Src\stm32f1xx_it.o
                0x08001cde                PendSV_Handler
 .text.SysTick_Handler
                0x08001ce0        0x4 Src\stm32f1xx_it.o
                0x08001ce0                SysTick_Handler
 .text.USART1_IRQHandler
                0x08001ce4        0xc Src\stm32f1xx_it.o
                0x08001ce4                USART1_IRQHandler
 .text._read    0x08001cf0       0x1c Src\syscalls.o
                0x08001cf0                _read
 .text._sbrk    0x08001d0c       0x34 Src\syscalls.o
                0x08001d0c                _sbrk
 .text._close   0x08001d40        0x6 Src\syscalls.o
                0x08001d40                _close
 .text._fstat   0x08001d46        0xa Src\syscalls.o
                0x08001d46                _fstat
 .text._isatty  0x08001d50        0x4 Src\syscalls.o
                0x08001d50                _isatty
 .text._lseek   0x08001d54        0x4 Src\syscalls.o
                0x08001d54                _lseek
 .text.SystemInit
                0x08001d58       0x4c Src\system_stm32f1xx.o
                0x08001d58                SystemInit
 .text.W6100SpiReadByte
                0x08001da4       0x30 Src\wizchip_init.o
                0x08001da4                W6100SpiReadByte
 .text.W6100SpiWriteByte
                0x08001dd4       0x24 Src\wizchip_init.o
                0x08001dd4                W6100SpiWriteByte
 .text.W6100CsEnable
                0x08001df8       0x10 Src\wizchip_init.o
                0x08001df8                W6100CsEnable
 .text.W6100CsDisable
                0x08001e08       0x10 Src\wizchip_init.o
                0x08001e08                W6100CsDisable
 .text.W6100ResetAssert
                0x08001e18       0x10 Src\wizchip_init.o
                0x08001e18                W6100ResetAssert
 .text.W6100ResetDeassert
                0x08001e28       0x10 Src\wizchip_init.o
                0x08001e28                W6100ResetDeassert
 .text.W6100Reset
                0x08001e38       0x1a Src\wizchip_init.o
                0x08001e38                W6100Reset
 *fill*         0x08001e52        0x2 
 .text.W6100Initialze
                0x08001e54       0xa8 Src\wizchip_init.o
                0x08001e54                W6100Initialze
 .text.WIZCHIP_WRITE
                0x08001efc       0x48 io6Library\Ethernet\W6100\w6100.o
                0x08001efc                WIZCHIP_WRITE
 .text.WIZCHIP_READ
                0x08001f44       0x3c io6Library\Ethernet\W6100\w6100.o
                0x08001f44                WIZCHIP_READ
 .text.WIZCHIP_WRITE_BUF
                0x08001f80       0x4c io6Library\Ethernet\W6100\w6100.o
                0x08001f80                WIZCHIP_WRITE_BUF
 .text.WIZCHIP_READ_BUF
                0x08001fcc       0x40 io6Library\Ethernet\W6100\w6100.o
                0x08001fcc                WIZCHIP_READ_BUF
 .text.getSn_TX_FSR
                0x0800200c       0x30 io6Library\Ethernet\W6100\w6100.o
                0x0800200c                getSn_TX_FSR
 .text.getSn_RX_RSR
                0x0800203c       0x30 io6Library\Ethernet\W6100\w6100.o
                0x0800203c                getSn_RX_RSR
 .text.wiz_send_data
                0x0800206c       0x54 io6Library\Ethernet\W6100\w6100.o
                0x0800206c                wiz_send_data
 .text.wiz_recv_data
                0x080020c0       0x5a io6Library\Ethernet\W6100\w6100.o
                0x080020c0                wiz_recv_data
 *fill*         0x0800211a        0x2 
 .text.close    0x0800211c       0x78 io6Library\Ethernet\socket.o
                0x0800211c                close
 .text.socket   0x08002194      0x1cc io6Library\Ethernet\socket.o
                0x08002194                socket
 .text.connect  0x08002360      0x130 io6Library\Ethernet\socket.o
                0x08002360                connect
 .text.send     0x08002490       0xec io6Library\Ethernet\socket.o
                0x08002490                send
 .text.recv     0x0800257c       0x98 io6Library\Ethernet\socket.o
                0x0800257c                recv
 .text.wizchip_cs_deselect
                0x08002614        0x2 io6Library\Ethernet\wizchip_conf.o
                0x08002614                wizchip_cs_deselect
 .text.wizchip_spi_read
                0x08002616        0x4 io6Library\Ethernet\wizchip_conf.o
                0x08002616                wizchip_spi_read
 .text.wizchip_spi_write
                0x0800261a        0x2 io6Library\Ethernet\wizchip_conf.o
                0x0800261a                wizchip_spi_write
 .text.wizchip_spi_read_buf
                0x0800261c       0x24 io6Library\Ethernet\wizchip_conf.o
                0x0800261c                wizchip_spi_read_buf
 .text.wizchip_spi_write_buf
                0x08002640       0x24 io6Library\Ethernet\wizchip_conf.o
                0x08002640                wizchip_spi_write_buf
 .text.wizchip_cs_select
                0x08002664        0x2 io6Library\Ethernet\wizchip_conf.o
                0x08002664                wizchip_cs_select
 .text.wizchip_cris_enter
                0x08002666        0x2 io6Library\Ethernet\wizchip_conf.o
                0x08002666                wizchip_cris_enter
 .text.wizchip_cris_exit
                0x08002668        0x2 io6Library\Ethernet\wizchip_conf.o
                0x08002668                wizchip_cris_exit
 *fill*         0x0800266a        0x2 
 .text.reg_wizchip_cs_cbfunc
                0x0800266c       0x24 io6Library\Ethernet\wizchip_conf.o
                0x0800266c                reg_wizchip_cs_cbfunc
 .text.reg_wizchip_spi_cbfunc
                0x08002690       0x3c io6Library\Ethernet\wizchip_conf.o
                0x08002690                reg_wizchip_spi_cbfunc
 .text.wizchip_sw_reset
                0x080026cc      0x118 io6Library\Ethernet\wizchip_conf.o
                0x080026cc                wizchip_sw_reset
 .text.wizchip_init
                0x080027e4       0x84 io6Library\Ethernet\wizchip_conf.o
                0x080027e4                wizchip_init
 .text.wizchip_clrinterrupt
                0x08002868       0x44 io6Library\Ethernet\wizchip_conf.o
                0x08002868                wizchip_clrinterrupt
 .text.wizchip_getinterrupt
                0x080028ac       0x2c io6Library\Ethernet\wizchip_conf.o
                0x080028ac                wizchip_getinterrupt
 .text.wizchip_setinterruptmask
                0x080028d8       0x30 io6Library\Ethernet\wizchip_conf.o
                0x080028d8                wizchip_setinterruptmask
 .text.wizchip_getinterruptmask
                0x08002908       0x2c io6Library\Ethernet\wizchip_conf.o
                0x08002908                wizchip_getinterruptmask
 .text.wizphy_getphylink
                0x08002934       0x10 io6Library\Ethernet\wizchip_conf.o
                0x08002934                wizphy_getphylink
 .text.wizphy_reset
                0x08002944       0x38 io6Library\Ethernet\wizchip_conf.o
                0x08002944                wizphy_reset
 .text.wizphy_setphyconf
                0x0800297c       0x58 io6Library\Ethernet\wizchip_conf.o
                0x0800297c                wizphy_setphyconf
 .text.wizphy_getphyconf
                0x080029d4       0x40 io6Library\Ethernet\wizchip_conf.o
                0x080029d4                wizphy_getphyconf
 .text.wizphy_getphystatus
                0x08002a14       0x40 io6Library\Ethernet\wizchip_conf.o
                0x08002a14                wizphy_getphystatus
 .text.wizphy_setphypmode
                0x08002a54       0x28 io6Library\Ethernet\wizchip_conf.o
                0x08002a54                wizphy_setphypmode
 .text.wizphy_getphypmode
                0x08002a7c       0x14 io6Library\Ethernet\wizchip_conf.o
                0x08002a7c                wizphy_getphypmode
 .text.ctlwizchip
                0x08002a90      0x1a4 io6Library\Ethernet\wizchip_conf.o
                0x08002a90                ctlwizchip
 .text.wizchip_setnetinfo
                0x08002c34       0xc8 io6Library\Ethernet\wizchip_conf.o
                0x08002c34                wizchip_setnetinfo
 .text.wizchip_getnetinfo
                0x08002cfc       0xc8 io6Library\Ethernet\wizchip_conf.o
                0x08002cfc                wizchip_getnetinfo
 .text.wizchip_setnetmode
                0x08002dc4       0x3c io6Library\Ethernet\wizchip_conf.o
                0x08002dc4                wizchip_setnetmode
 .text.wizchip_getnetmode
                0x08002e00       0x30 io6Library\Ethernet\wizchip_conf.o
                0x08002e00                wizchip_getnetmode
 .text.wizchip_settimeout
                0x08002e30       0x54 io6Library\Ethernet\wizchip_conf.o
                0x08002e30                wizchip_settimeout
 .text.wizchip_gettimeout
                0x08002e84       0x54 io6Library\Ethernet\wizchip_conf.o
                0x08002e84                wizchip_gettimeout
 .text.ctlnetwork
                0x08002ed8       0x64 io6Library\Ethernet\wizchip_conf.o
                0x08002ed8                ctlnetwork
 .text.WIZnetRecv
                0x08002f3c        0xc io6Library\Security\SSLInterface.o
                0x08002f3c                WIZnetRecv
 .text.WIZnetSend
                0x08002f48        0xc io6Library\Security\SSLInterface.o
                0x08002f48                WIZnetSend
 .text.WIZnetDebugCB
                0x08002f54       0x14 io6Library\Security\SSLInterface.o
                0x08002f54                WIZnetDebugCB
 .text.wiz_tls_init
                0x08002f68       0xf8 io6Library\Security\SSLInterface.o
                0x08002f68                wiz_tls_init
 .text.wiz_tls_deinit
                0x08003060       0x38 io6Library\Security\SSLInterface.o
                0x08003060                wiz_tls_deinit
 .text.wiz_tls_connect
                0x08003098       0x94 io6Library\Security\SSLInterface.o
                0x08003098                wiz_tls_connect
 .text.wiz_tls_read
                0x0800312c        0x6 io6Library\Security\SSLInterface.o
                0x0800312c                wiz_tls_read
 .text.wiz_tls_write
                0x08003132        0x6 io6Library\Security\SSLInterface.o
                0x08003132                wiz_tls_write
 .text.wiz_tls_close_notify
                0x08003138       0x12 io6Library\Security\SSLInterface.o
                0x08003138                wiz_tls_close_notify
 .text.SSLRandomCB
                0x0800314a       0x2e io6Library\Security\SSL_Random.o
                0x0800314a                SSLRandomCB
 .text.aes_gen_tables
                0x08003178      0x200 io6Library\Security\mbedtls\library\aes.o
 .text.mbedtls_aes_init
                0x08003378        0xa io6Library\Security\mbedtls\library\aes.o
                0x08003378                mbedtls_aes_init
 .text.mbedtls_aes_free
                0x08003382        0xc io6Library\Security\mbedtls\library\aes.o
                0x08003382                mbedtls_aes_free
 *fill*         0x0800338e        0x2 
 .text.mbedtls_aes_setkey_enc
                0x08003390      0x240 io6Library\Security\mbedtls\library\aes.o
                0x08003390                mbedtls_aes_setkey_enc
 .text.mbedtls_aes_setkey_dec
                0x080035d0       0xe4 io6Library\Security\mbedtls\library\aes.o
                0x080035d0                mbedtls_aes_setkey_dec
 .text.mbedtls_internal_aes_encrypt
                0x080036b4      0x39c io6Library\Security\mbedtls\library\aes.o
                0x080036b4                mbedtls_internal_aes_encrypt
 .text.mbedtls_internal_aes_decrypt
                0x08003a50      0x39c io6Library\Security\mbedtls\library\aes.o
                0x08003a50                mbedtls_internal_aes_decrypt
 .text.mbedtls_aes_crypt_ecb
                0x08003dec       0x18 io6Library\Security\mbedtls\library\aes.o
                0x08003dec                mbedtls_aes_crypt_ecb
 .text.mbedtls_aes_crypt_cbc
                0x08003e04       0xd6 io6Library\Security\mbedtls\library\aes.o
                0x08003e04                mbedtls_aes_crypt_cbc
 .text.mbedtls_asn1_get_len
                0x08003eda       0x9e io6Library\Security\mbedtls\library\asn1parse.o
                0x08003eda                mbedtls_asn1_get_len
 .text.mbedtls_asn1_get_tag
                0x08003f78       0x28 io6Library\Security\mbedtls\library\asn1parse.o
                0x08003f78                mbedtls_asn1_get_tag
 .text.mbedtls_asn1_get_bool
                0x08003fa0       0x30 io6Library\Security\mbedtls\library\asn1parse.o
                0x08003fa0                mbedtls_asn1_get_bool
 .text.mbedtls_asn1_get_int
                0x08003fd0       0x48 io6Library\Security\mbedtls\library\asn1parse.o
                0x08003fd0                mbedtls_asn1_get_int
 .text.mbedtls_asn1_get_bitstring
                0x08004018       0x46 io6Library\Security\mbedtls\library\asn1parse.o
                0x08004018                mbedtls_asn1_get_bitstring
 .text.mbedtls_asn1_get_bitstring_null
                0x0800405e       0x28 io6Library\Security\mbedtls\library\asn1parse.o
                0x0800405e                mbedtls_asn1_get_bitstring_null
 .text.mbedtls_asn1_get_sequence_of
                0x08004086       0x7c io6Library\Security\mbedtls\library\asn1parse.o
                0x08004086                mbedtls_asn1_get_sequence_of
 .text.mbedtls_asn1_get_alg
                0x08004102       0x9a io6Library\Security\mbedtls\library\asn1parse.o
                0x08004102                mbedtls_asn1_get_alg
 .text.mbedtls_base64_decode
                0x0800419c      0x12c io6Library\Security\mbedtls\library\base64.o
                0x0800419c                mbedtls_base64_decode
 .text.mpi_sub_hlp
                0x080042c8       0x54 io6Library\Security\mbedtls\library\bignum.o
 .text.mpi_mul_hlp
                0x0800431c      0x3a2 io6Library\Security\mbedtls\library\bignum.o
 .text.mbedtls_mpi_init
                0x080046be        0xc io6Library\Security\mbedtls\library\bignum.o
                0x080046be                mbedtls_mpi_init
 .text.mbedtls_mpi_free
                0x080046ca       0x24 io6Library\Security\mbedtls\library\bignum.o
                0x080046ca                mbedtls_mpi_free
 .text.mbedtls_mpi_grow
                0x080046ee       0x54 io6Library\Security\mbedtls\library\bignum.o
                0x080046ee                mbedtls_mpi_grow
 .text.mbedtls_mpi_copy
                0x08004742       0x58 io6Library\Security\mbedtls\library\bignum.o
                0x08004742                mbedtls_mpi_copy
 .text.mbedtls_mpi_lset
                0x0800479a       0x38 io6Library\Security\mbedtls\library\bignum.o
                0x0800479a                mbedtls_mpi_lset
 .text.mbedtls_mpi_get_bit
                0x080047d2       0x20 io6Library\Security\mbedtls\library\bignum.o
                0x080047d2                mbedtls_mpi_get_bit
 .text.mbedtls_mpi_lsb
                0x080047f2       0x30 io6Library\Security\mbedtls\library\bignum.o
                0x080047f2                mbedtls_mpi_lsb
 .text.mbedtls_mpi_bitlen
                0x08004822       0x44 io6Library\Security\mbedtls\library\bignum.o
                0x08004822                mbedtls_mpi_bitlen
 .text.mbedtls_mpi_size
                0x08004866        0xc io6Library\Security\mbedtls\library\bignum.o
                0x08004866                mbedtls_mpi_size
 .text.mbedtls_mpi_read_binary
                0x08004872       0x70 io6Library\Security\mbedtls\library\bignum.o
                0x08004872                mbedtls_mpi_read_binary
 .text.mbedtls_mpi_write_binary
                0x080048e2       0x68 io6Library\Security\mbedtls\library\bignum.o
                0x080048e2                mbedtls_mpi_write_binary
 .text.mbedtls_mpi_shift_l
                0x0800494a       0x98 io6Library\Security\mbedtls\library\bignum.o
                0x0800494a                mbedtls_mpi_shift_l
 .text.mbedtls_mpi_shift_r
                0x080049e2       0x78 io6Library\Security\mbedtls\library\bignum.o
                0x080049e2                mbedtls_mpi_shift_r
 .text.mbedtls_mpi_cmp_abs
                0x08004a5a       0x6e io6Library\Security\mbedtls\library\bignum.o
                0x08004a5a                mbedtls_mpi_cmp_abs
 .text.mpi_montmul
                0x08004ac8       0xc8 io6Library\Security\mbedtls\library\bignum.o
 .text.mbedtls_mpi_cmp_mpi
                0x08004b90       0x8c io6Library\Security\mbedtls\library\bignum.o
                0x08004b90                mbedtls_mpi_cmp_mpi
 .text.mbedtls_mpi_cmp_int
                0x08004c1c       0x2c io6Library\Security\mbedtls\library\bignum.o
                0x08004c1c                mbedtls_mpi_cmp_int
 .text.mbedtls_mpi_add_abs
                0x08004c48       0xb6 io6Library\Security\mbedtls\library\bignum.o
                0x08004c48                mbedtls_mpi_add_abs
 .text.mbedtls_mpi_sub_abs
                0x08004cfe       0x80 io6Library\Security\mbedtls\library\bignum.o
                0x08004cfe                mbedtls_mpi_sub_abs
 .text.mbedtls_mpi_add_mpi
                0x08004d7e       0x44 io6Library\Security\mbedtls\library\bignum.o
                0x08004d7e                mbedtls_mpi_add_mpi
 .text.mbedtls_mpi_sub_mpi
                0x08004dc2       0x46 io6Library\Security\mbedtls\library\bignum.o
                0x08004dc2                mbedtls_mpi_sub_mpi
 .text.mbedtls_mpi_add_int
                0x08004e08       0x2c io6Library\Security\mbedtls\library\bignum.o
                0x08004e08                mbedtls_mpi_add_int
 .text.mbedtls_mpi_sub_int
                0x08004e34       0x2c io6Library\Security\mbedtls\library\bignum.o
                0x08004e34                mbedtls_mpi_sub_int
 .text.mbedtls_mpi_mul_mpi
                0x08004e60       0xdc io6Library\Security\mbedtls\library\bignum.o
                0x08004e60                mbedtls_mpi_mul_mpi
 .text.mbedtls_mpi_mul_int
                0x08004f3c       0x1a io6Library\Security\mbedtls\library\bignum.o
                0x08004f3c                mbedtls_mpi_mul_int
 .text.mbedtls_mpi_div_mpi
                0x08004f56      0x36a io6Library\Security\mbedtls\library\bignum.o
                0x08004f56                mbedtls_mpi_div_mpi
 .text.mbedtls_mpi_mod_mpi
                0x080052c0       0x64 io6Library\Security\mbedtls\library\bignum.o
                0x080052c0                mbedtls_mpi_mod_mpi
 .text.mbedtls_mpi_exp_mod
                0x08005324      0x46e io6Library\Security\mbedtls\library\bignum.o
                0x08005324                mbedtls_mpi_exp_mod
 .text.mbedtls_mpi_gcd
                0x08005792      0x108 io6Library\Security\mbedtls\library\bignum.o
                0x08005792                mbedtls_mpi_gcd
 .text.mbedtls_mpi_fill_random
                0x0800589a       0x3e io6Library\Security\mbedtls\library\bignum.o
                0x0800589a                mbedtls_mpi_fill_random
 .text.mbedtls_mpi_inv_mod
                0x080058d8      0x2a6 io6Library\Security\mbedtls\library\bignum.o
                0x080058d8                mbedtls_mpi_inv_mod
 *fill*         0x08005b7e        0x2 
 .text.get_no_padding
                0x08005b80       0x14 io6Library\Security\mbedtls\library\cipher.o
 .text.mbedtls_cipher_info_from_type
                0x08005b94       0x1c io6Library\Security\mbedtls\library\cipher.o
                0x08005b94                mbedtls_cipher_info_from_type
 .text.mbedtls_cipher_info_from_values
                0x08005bb0       0x28 io6Library\Security\mbedtls\library\cipher.o
                0x08005bb0                mbedtls_cipher_info_from_values
 .text.mbedtls_cipher_init
                0x08005bd8        0x8 io6Library\Security\mbedtls\library\cipher.o
                0x08005bd8                mbedtls_cipher_init
 .text.mbedtls_cipher_free
                0x08005be0       0x20 io6Library\Security\mbedtls\library\cipher.o
                0x08005be0                mbedtls_cipher_free
 .text.mbedtls_cipher_setkey
                0x08005c00       0x40 io6Library\Security\mbedtls\library\cipher.o
                0x08005c00                mbedtls_cipher_setkey
 .text.mbedtls_cipher_set_iv
                0x08005c40       0x40 io6Library\Security\mbedtls\library\cipher.o
                0x08005c40                mbedtls_cipher_set_iv
 .text.mbedtls_cipher_update
                0x08005c80      0x17c io6Library\Security\mbedtls\library\cipher.o
                0x08005c80                mbedtls_cipher_update
 .text.mbedtls_cipher_finish
                0x08005dfc       0xcc io6Library\Security\mbedtls\library\cipher.o
                0x08005dfc                mbedtls_cipher_finish
 .text.mbedtls_cipher_set_padding_mode
                0x08005ec8       0x30 io6Library\Security\mbedtls\library\cipher.o
                0x08005ec8                mbedtls_cipher_set_padding_mode
 .text.mbedtls_cipher_setup
                0x08005ef8       0x38 io6Library\Security\mbedtls\library\cipher.o
                0x08005ef8                mbedtls_cipher_setup
 .text.mbedtls_cipher_crypt
                0x08005f30       0x4c io6Library\Security\mbedtls\library\cipher.o
                0x08005f30                mbedtls_cipher_crypt
 .text.mbedtls_cipher_auth_encrypt
                0x08005f7c       0x54 io6Library\Security\mbedtls\library\cipher.o
                0x08005f7c                mbedtls_cipher_auth_encrypt
 .text.mbedtls_cipher_auth_decrypt
                0x08005fd0       0x50 io6Library\Security\mbedtls\library\cipher.o
                0x08005fd0                mbedtls_cipher_auth_decrypt
 .text.gcm_ctx_free
                0x08006020       0x12 io6Library\Security\mbedtls\library\cipher_wrap.o
 .text.gcm_ctx_alloc
                0x08006032       0x18 io6Library\Security\mbedtls\library\cipher_wrap.o
 .text.gcm_aes_setkey_wrap
                0x0800604a        0xa io6Library\Security\mbedtls\library\cipher_wrap.o
 .text.aes_ctx_free
                0x08006054       0x12 io6Library\Security\mbedtls\library\cipher_wrap.o
 .text.aes_ctx_alloc
                0x08006066       0x18 io6Library\Security\mbedtls\library\cipher_wrap.o
 .text.aes_setkey_dec_wrap
                0x0800607e        0x4 io6Library\Security\mbedtls\library\cipher_wrap.o
 .text.aes_setkey_enc_wrap
                0x08006082        0x4 io6Library\Security\mbedtls\library\cipher_wrap.o
 .text.aes_crypt_cbc_wrap
                0x08006086        0x8 io6Library\Security\mbedtls\library\cipher_wrap.o
 .text.aes_crypt_ecb_wrap
                0x0800608e        0x4 io6Library\Security\mbedtls\library\cipher_wrap.o
 .text.mbedtls_ctr_drbg_init
                0x08006092        0xa io6Library\Security\mbedtls\library\ctr_drbg.o
                0x08006092                mbedtls_ctr_drbg_init
 .text.mbedtls_ctr_drbg_free
                0x0800609c       0x1c io6Library\Security\mbedtls\library\ctr_drbg.o
                0x0800609c                mbedtls_ctr_drbg_free
 .text.debug_send_line.isra.0
                0x080060b8        0xc io6Library\Security\mbedtls\library\debug.o
 .text.mbedtls_debug_print_mpi.part.1
                0x080060c4      0x140 io6Library\Security\mbedtls\library\debug.o
 .text.mbedtls_debug_set_threshold
                0x08006204        0xc io6Library\Security\mbedtls\library\debug.o
                0x08006204                mbedtls_debug_set_threshold
 .text.mbedtls_debug_print_msg
                0x08006210       0x60 io6Library\Security\mbedtls\library\debug.o
                0x08006210                mbedtls_debug_print_msg
 .text.mbedtls_debug_print_ret
                0x08006270       0x5c io6Library\Security\mbedtls\library\debug.o
                0x08006270                mbedtls_debug_print_ret
 .text.mbedtls_debug_print_buf
                0x080062cc      0x13c io6Library\Security\mbedtls\library\debug.o
                0x080062cc                mbedtls_debug_print_buf
 .text.mbedtls_debug_print_mpi
                0x08006408       0x24 io6Library\Security\mbedtls\library\debug.o
                0x08006408                mbedtls_debug_print_mpi
 .text.mbedtls_debug_print_crt
                0x0800642c      0x184 io6Library\Security\mbedtls\library\debug.o
                0x0800642c                mbedtls_debug_print_crt
 .text.mbedtls_strerror
                0x080065b0      0xd74 io6Library\Security\mbedtls\library\error.o
                0x080065b0                mbedtls_strerror
 .text.gcm_mult
                0x08007324      0x170 io6Library\Security\mbedtls\library\gcm.o
 .text.mbedtls_gcm_init
                0x08007494        0xa io6Library\Security\mbedtls\library\gcm.o
                0x08007494                mbedtls_gcm_init
 .text.mbedtls_gcm_setkey
                0x0800749e      0x162 io6Library\Security\mbedtls\library\gcm.o
                0x0800749e                mbedtls_gcm_setkey
 .text.mbedtls_gcm_starts
                0x08007600      0x150 io6Library\Security\mbedtls\library\gcm.o
                0x08007600                mbedtls_gcm_starts
 .text.mbedtls_gcm_update
                0x08007750       0xe8 io6Library\Security\mbedtls\library\gcm.o
                0x08007750                mbedtls_gcm_update
 .text.mbedtls_gcm_finish
                0x08007838       0xf0 io6Library\Security\mbedtls\library\gcm.o
                0x08007838                mbedtls_gcm_finish
 .text.mbedtls_gcm_crypt_and_tag
                0x08007928       0x4a io6Library\Security\mbedtls\library\gcm.o
                0x08007928                mbedtls_gcm_crypt_and_tag
 .text.mbedtls_gcm_auth_decrypt
                0x08007972       0x52 io6Library\Security\mbedtls\library\gcm.o
                0x08007972                mbedtls_gcm_auth_decrypt
 .text.mbedtls_gcm_free
                0x080079c4       0x1a io6Library\Security\mbedtls\library\gcm.o
                0x080079c4                mbedtls_gcm_free
 *fill*         0x080079de        0x2 
 .text.mbedtls_md_info_from_type
                0x080079e0       0x18 io6Library\Security\mbedtls\library\md.o
                0x080079e0                mbedtls_md_info_from_type
 .text.mbedtls_md_init
                0x080079f8        0xa io6Library\Security\mbedtls\library\md.o
                0x080079f8                mbedtls_md_init
 .text.mbedtls_md_free
                0x08007a02       0x34 io6Library\Security\mbedtls\library\md.o
                0x08007a02                mbedtls_md_free
 *fill*         0x08007a36        0x2 
 .text.mbedtls_md_setup
                0x08007a38       0x40 io6Library\Security\mbedtls\library\md.o
                0x08007a38                mbedtls_md_setup
 .text.mbedtls_md
                0x08007a78       0x20 io6Library\Security\mbedtls\library\md.o
                0x08007a78                mbedtls_md
 .text.mbedtls_md_hmac_starts
                0x08007a98       0xc8 io6Library\Security\mbedtls\library\md.o
                0x08007a98                mbedtls_md_hmac_starts
 .text.mbedtls_md_hmac_update
                0x08007b60       0x20 io6Library\Security\mbedtls\library\md.o
                0x08007b60                mbedtls_md_hmac_update
 .text.mbedtls_md_hmac_finish
                0x08007b80       0x64 io6Library\Security\mbedtls\library\md.o
                0x08007b80                mbedtls_md_hmac_finish
 .text.mbedtls_md_hmac_reset
                0x08007be4       0x30 io6Library\Security\mbedtls\library\md.o
                0x08007be4                mbedtls_md_hmac_reset
 .text.mbedtls_md_process
                0x08007c14       0x14 io6Library\Security\mbedtls\library\md.o
                0x08007c14                mbedtls_md_process
 .text.mbedtls_md_get_size
                0x08007c28        0x8 io6Library\Security\mbedtls\library\md.o
                0x08007c28                mbedtls_md_get_size
 .text.sha1_process_wrap
                0x08007c30        0x4 io6Library\Security\mbedtls\library\md_wrap.o
 .text.sha1_clone_wrap
                0x08007c34        0x4 io6Library\Security\mbedtls\library\md_wrap.o
 .text.sha1_ctx_free
                0x08007c38       0x12 io6Library\Security\mbedtls\library\md_wrap.o
 .text.sha1_ctx_alloc
                0x08007c4a       0x16 io6Library\Security\mbedtls\library\md_wrap.o
 .text.sha1_finish_wrap
                0x08007c60        0x4 io6Library\Security\mbedtls\library\md_wrap.o
 .text.sha1_update_wrap
                0x08007c64        0x4 io6Library\Security\mbedtls\library\md_wrap.o
 .text.sha1_starts_wrap
                0x08007c68        0x4 io6Library\Security\mbedtls\library\md_wrap.o
 .text.sha224_process_wrap
                0x08007c6c        0x4 io6Library\Security\mbedtls\library\md_wrap.o
 .text.sha224_clone_wrap
                0x08007c70        0x4 io6Library\Security\mbedtls\library\md_wrap.o
 .text.sha224_ctx_free
                0x08007c74       0x12 io6Library\Security\mbedtls\library\md_wrap.o
 .text.sha224_ctx_alloc
                0x08007c86       0x16 io6Library\Security\mbedtls\library\md_wrap.o
 .text.sha224_wrap
                0x08007c9c        0x6 io6Library\Security\mbedtls\library\md_wrap.o
 .text.sha256_wrap
                0x08007ca2        0x6 io6Library\Security\mbedtls\library\md_wrap.o
 .text.sha224_finish_wrap
                0x08007ca8        0x4 io6Library\Security\mbedtls\library\md_wrap.o
 .text.sha224_update_wrap
                0x08007cac        0x4 io6Library\Security\mbedtls\library\md_wrap.o
 .text.sha224_starts_wrap
                0x08007cb0        0x6 io6Library\Security\mbedtls\library\md_wrap.o
 .text.sha256_starts_wrap
                0x08007cb6        0x6 io6Library\Security\mbedtls\library\md_wrap.o
 .text.sha384_process_wrap
                0x08007cbc        0x4 io6Library\Security\mbedtls\library\md_wrap.o
 .text.sha384_clone_wrap
                0x08007cc0        0x4 io6Library\Security\mbedtls\library\md_wrap.o
 .text.sha384_ctx_free
                0x08007cc4       0x12 io6Library\Security\mbedtls\library\md_wrap.o
 .text.sha384_ctx_alloc
                0x08007cd6       0x16 io6Library\Security\mbedtls\library\md_wrap.o
 .text.sha384_wrap
                0x08007cec        0x6 io6Library\Security\mbedtls\library\md_wrap.o
 .text.sha512_wrap
                0x08007cf2        0x6 io6Library\Security\mbedtls\library\md_wrap.o
 .text.sha384_finish_wrap
                0x08007cf8        0x4 io6Library\Security\mbedtls\library\md_wrap.o
 .text.sha384_update_wrap
                0x08007cfc        0x4 io6Library\Security\mbedtls\library\md_wrap.o
 .text.sha384_starts_wrap
                0x08007d00        0x6 io6Library\Security\mbedtls\library\md_wrap.o
 .text.sha512_starts_wrap
                0x08007d06        0x6 io6Library\Security\mbedtls\library\md_wrap.o
 .text.oid_sig_alg_from_asn1
                0x08007d0c       0x30 io6Library\Security\mbedtls\library\oid.o
 .text.mbedtls_oid_get_attr_short_name
                0x08007d3c       0x34 io6Library\Security\mbedtls\library\oid.o
                0x08007d3c                mbedtls_oid_get_attr_short_name
 .text.mbedtls_oid_get_x509_ext_type
                0x08007d70       0x34 io6Library\Security\mbedtls\library\oid.o
                0x08007d70                mbedtls_oid_get_x509_ext_type
 .text.mbedtls_oid_get_extended_key_usage
                0x08007da4       0x34 io6Library\Security\mbedtls\library\oid.o
                0x08007da4                mbedtls_oid_get_extended_key_usage
 .text.mbedtls_oid_get_sig_alg_desc
                0x08007dd8       0x18 io6Library\Security\mbedtls\library\oid.o
                0x08007dd8                mbedtls_oid_get_sig_alg_desc
 .text.mbedtls_oid_get_sig_alg
                0x08007df0       0x1e io6Library\Security\mbedtls\library\oid.o
                0x08007df0                mbedtls_oid_get_sig_alg
 *fill*         0x08007e0e        0x2 
 .text.mbedtls_oid_get_pk_alg
                0x08007e10       0x34 io6Library\Security\mbedtls\library\oid.o
                0x08007e10                mbedtls_oid_get_pk_alg
 .text.mbedtls_oid_get_oid_by_md
                0x08007e44       0x28 io6Library\Security\mbedtls\library\oid.o
                0x08007e44                mbedtls_oid_get_oid_by_md
 .text.mbedtls_pem_init
                0x08007e6c        0xa io6Library\Security\mbedtls\library\pem.o
                0x08007e6c                mbedtls_pem_init
 *fill*         0x08007e76        0x2 
 .text.mbedtls_pem_read_buffer
                0x08007e78      0x114 io6Library\Security\mbedtls\library\pem.o
                0x08007e78                mbedtls_pem_read_buffer
 .text.mbedtls_pem_free
                0x08007f8c       0x26 io6Library\Security\mbedtls\library\pem.o
                0x08007f8c                mbedtls_pem_free
 .text.mbedtls_pk_free
                0x08007fb2       0x1e io6Library\Security\mbedtls\library\pk.o
                0x08007fb2                mbedtls_pk_free
 .text.mbedtls_pk_info_from_type
                0x08007fd0       0x10 io6Library\Security\mbedtls\library\pk.o
                0x08007fd0                mbedtls_pk_info_from_type
 .text.mbedtls_pk_setup
                0x08007fe0       0x2c io6Library\Security\mbedtls\library\pk.o
                0x08007fe0                mbedtls_pk_setup
 .text.mbedtls_pk_can_do
                0x0800800c       0x10 io6Library\Security\mbedtls\library\pk.o
                0x0800800c                mbedtls_pk_can_do
 .text.mbedtls_pk_verify_restartable
                0x0800801c       0x58 io6Library\Security\mbedtls\library\pk.o
                0x0800801c                mbedtls_pk_verify_restartable
 .text.mbedtls_pk_verify
                0x08008074       0x16 io6Library\Security\mbedtls\library\pk.o
                0x08008074                mbedtls_pk_verify
 *fill*         0x0800808a        0x2 
 .text.mbedtls_pk_verify_ext
                0x0800808c       0x60 io6Library\Security\mbedtls\library\pk.o
                0x0800808c                mbedtls_pk_verify_ext
 .text.mbedtls_pk_sign_restartable
                0x080080ec       0x64 io6Library\Security\mbedtls\library\pk.o
                0x080080ec                mbedtls_pk_sign_restartable
 .text.mbedtls_pk_encrypt
                0x08008150       0x2c io6Library\Security\mbedtls\library\pk.o
                0x08008150                mbedtls_pk_encrypt
 .text.mbedtls_pk_get_bitlen
                0x0800817c       0x10 io6Library\Security\mbedtls\library\pk.o
                0x0800817c                mbedtls_pk_get_bitlen
 .text.mbedtls_pk_debug
                0x0800818c       0x24 io6Library\Security\mbedtls\library\pk.o
                0x0800818c                mbedtls_pk_debug
 .text.mbedtls_pk_get_name
                0x080081b0       0x14 io6Library\Security\mbedtls\library\pk.o
                0x080081b0                mbedtls_pk_get_name
 .text.mbedtls_pk_get_type
                0x080081c4        0xa io6Library\Security\mbedtls\library\pk.o
                0x080081c4                mbedtls_pk_get_type
 .text.rsa_can_do
                0x080081ce        0xc io6Library\Security\mbedtls\library\pk_wrap.o
 *fill*         0x080081da        0x2 
 .text.rsa_debug
                0x080081dc       0x24 io6Library\Security\mbedtls\library\pk_wrap.o
 .text.rsa_free_wrap
                0x08008200       0x12 io6Library\Security\mbedtls\library\pk_wrap.o
 .text.rsa_alloc_wrap
                0x08008212       0x1a io6Library\Security\mbedtls\library\pk_wrap.o
 .text.rsa_check_pair_wrap
                0x0800822c        0x4 io6Library\Security\mbedtls\library\pk_wrap.o
 .text.rsa_get_bitlen
                0x08008230        0xa io6Library\Security\mbedtls\library\pk_wrap.o
 *fill*         0x0800823a        0x2 
 .text.rsa_encrypt_wrap
                0x0800823c       0x4c io6Library\Security\mbedtls\library\pk_wrap.o
 .text.rsa_decrypt_wrap
                0x08008288       0x4c io6Library\Security\mbedtls\library\pk_wrap.o
 .text.rsa_sign_wrap
                0x080082d4       0x40 io6Library\Security\mbedtls\library\pk_wrap.o
 .text.rsa_verify_wrap
                0x08008314       0x4c io6Library\Security\mbedtls\library\pk_wrap.o
 .text.pk_get_rsapubkey
                0x08008360       0xc0 io6Library\Security\mbedtls\library\pkparse.o
 .text.pk_get_pk_alg
                0x08008420       0x54 io6Library\Security\mbedtls\library\pkparse.o
 .text.mbedtls_pk_parse_subpubkey
                0x08008474       0xac io6Library\Security\mbedtls\library\pkparse.o
                0x08008474                mbedtls_pk_parse_subpubkey
 .text.mbedtls_platform_zeroize
                0x08008520       0x10 io6Library\Security\mbedtls\library\platform_util.o
                0x08008520                mbedtls_platform_zeroize
 .text.rsa_rsassa_pkcs1_v15_encode
                0x08008530      0x120 io6Library\Security\mbedtls\library\rsa.o
 .text.rsa_check_context.isra.0
                0x08008650       0xb8 io6Library\Security\mbedtls\library\rsa.o
 .text.mbedtls_rsa_import_raw
                0x08008708       0x84 io6Library\Security\mbedtls\library\rsa.o
                0x08008708                mbedtls_rsa_import_raw
 .text.mbedtls_rsa_complete
                0x0800878c      0x130 io6Library\Security\mbedtls\library\rsa.o
                0x0800878c                mbedtls_rsa_complete
 .text.mbedtls_rsa_init
                0x080088bc       0x1a io6Library\Security\mbedtls\library\rsa.o
                0x080088bc                mbedtls_rsa_init
 .text.mbedtls_rsa_get_len
                0x080088d6        0x4 io6Library\Security\mbedtls\library\rsa.o
                0x080088d6                mbedtls_rsa_get_len
 *fill*         0x080088da        0x2 
 .text.mbedtls_rsa_check_pubkey
                0x080088dc       0x48 io6Library\Security\mbedtls\library\rsa.o
                0x080088dc                mbedtls_rsa_check_pubkey
 .text.mbedtls_rsa_check_privkey
                0x08008924       0x6c io6Library\Security\mbedtls\library\rsa.o
                0x08008924                mbedtls_rsa_check_privkey
 .text.mbedtls_rsa_check_pub_priv
                0x08008990       0x38 io6Library\Security\mbedtls\library\rsa.o
                0x08008990                mbedtls_rsa_check_pub_priv
 .text.mbedtls_rsa_public
                0x080089c8       0x7c io6Library\Security\mbedtls\library\rsa.o
                0x080089c8                mbedtls_rsa_public
 .text.mbedtls_rsa_private
                0x08008a44      0x378 io6Library\Security\mbedtls\library\rsa.o
                0x08008a44                mbedtls_rsa_private
 .text.mbedtls_rsa_rsaes_pkcs1_v15_encrypt
                0x08008dbc       0xd8 io6Library\Security\mbedtls\library\rsa.o
                0x08008dbc                mbedtls_rsa_rsaes_pkcs1_v15_encrypt
 .text.mbedtls_rsa_pkcs1_encrypt
                0x08008e94       0x18 io6Library\Security\mbedtls\library\rsa.o
                0x08008e94                mbedtls_rsa_pkcs1_encrypt
 .text.mbedtls_rsa_rsaes_pkcs1_v15_decrypt
                0x08008eac      0x18c io6Library\Security\mbedtls\library\rsa.o
                0x08008eac                mbedtls_rsa_rsaes_pkcs1_v15_decrypt
 .text.mbedtls_rsa_pkcs1_decrypt
                0x08009038       0x1c io6Library\Security\mbedtls\library\rsa.o
                0x08009038                mbedtls_rsa_pkcs1_decrypt
 .text.mbedtls_rsa_rsassa_pkcs1_v15_sign
                0x08009054       0xcc io6Library\Security\mbedtls\library\rsa.o
                0x08009054                mbedtls_rsa_rsassa_pkcs1_v15_sign
 .text.mbedtls_rsa_pkcs1_sign
                0x08009120       0x20 io6Library\Security\mbedtls\library\rsa.o
                0x08009120                mbedtls_rsa_pkcs1_sign
 .text.mbedtls_rsa_rsassa_pkcs1_v15_verify
                0x08009140       0xc8 io6Library\Security\mbedtls\library\rsa.o
                0x08009140                mbedtls_rsa_rsassa_pkcs1_v15_verify
 .text.mbedtls_rsa_pkcs1_verify
                0x08009208       0x20 io6Library\Security\mbedtls\library\rsa.o
                0x08009208                mbedtls_rsa_pkcs1_verify
 .text.mbedtls_rsa_free
                0x08009228       0x72 io6Library\Security\mbedtls\library\rsa.o
                0x08009228                mbedtls_rsa_free
 *fill*         0x0800929a        0x2 
 .text.mbedtls_rsa_deduce_primes
                0x0800929c      0x1e4 io6Library\Security\mbedtls\library\rsa_internal.o
                0x0800929c                mbedtls_rsa_deduce_primes
 .text.mbedtls_rsa_deduce_private_exponent
                0x08009480       0xbc io6Library\Security\mbedtls\library\rsa_internal.o
                0x08009480                mbedtls_rsa_deduce_private_exponent
 .text.mbedtls_rsa_validate_crt
                0x0800953c      0x108 io6Library\Security\mbedtls\library\rsa_internal.o
                0x0800953c                mbedtls_rsa_validate_crt
 .text.mbedtls_rsa_validate_params
                0x08009644      0x18c io6Library\Security\mbedtls\library\rsa_internal.o
                0x08009644                mbedtls_rsa_validate_params
 .text.mbedtls_rsa_deduce_crt
                0x080097d0       0x86 io6Library\Security\mbedtls\library\rsa_internal.o
                0x080097d0                mbedtls_rsa_deduce_crt
 .text.mbedtls_sha1_init
                0x08009856        0x8 io6Library\Security\mbedtls\library\sha1.o
                0x08009856                mbedtls_sha1_init
 .text.mbedtls_sha1_free
                0x0800985e        0xa io6Library\Security\mbedtls\library\sha1.o
                0x0800985e                mbedtls_sha1_free
 .text.mbedtls_sha1_clone
                0x08009868        0xa io6Library\Security\mbedtls\library\sha1.o
                0x08009868                mbedtls_sha1_clone
 *fill*         0x08009872        0x2 
 .text.mbedtls_sha1_starts_ret
                0x08009874       0x34 io6Library\Security\mbedtls\library\sha1.o
                0x08009874                mbedtls_sha1_starts_ret
 .text.mbedtls_internal_sha1_process
                0x080098a8      0xf50 io6Library\Security\mbedtls\library\sha1.o
                0x080098a8                mbedtls_internal_sha1_process
 .text.mbedtls_sha1_update_ret
                0x0800a7f8       0x7e io6Library\Security\mbedtls\library\sha1.o
                0x0800a7f8                mbedtls_sha1_update_ret
 .text.mbedtls_sha1_finish_ret
                0x0800a876       0xe8 io6Library\Security\mbedtls\library\sha1.o
                0x0800a876                mbedtls_sha1_finish_ret
 .text.mbedtls_sha1_ret
                0x0800a95e       0x3e io6Library\Security\mbedtls\library\sha1.o
                0x0800a95e                mbedtls_sha1_ret
 .text.mbedtls_sha256_init
                0x0800a99c        0x8 io6Library\Security\mbedtls\library\sha256.o
                0x0800a99c                mbedtls_sha256_init
 .text.mbedtls_sha256_free
                0x0800a9a4        0xa io6Library\Security\mbedtls\library\sha256.o
                0x0800a9a4                mbedtls_sha256_free
 .text.mbedtls_sha256_clone
                0x0800a9ae        0xa io6Library\Security\mbedtls\library\sha256.o
                0x0800a9ae                mbedtls_sha256_clone
 .text.mbedtls_sha256_starts_ret
                0x0800a9b8       0xa0 io6Library\Security\mbedtls\library\sha256.o
                0x0800a9b8                mbedtls_sha256_starts_ret
 .text.mbedtls_internal_sha256_process
                0x0800aa58      0x6b0 io6Library\Security\mbedtls\library\sha256.o
                0x0800aa58                mbedtls_internal_sha256_process
 .text.mbedtls_sha256_update_ret
                0x0800b108       0x7e io6Library\Security\mbedtls\library\sha256.o
                0x0800b108                mbedtls_sha256_update_ret
 .text.mbedtls_sha256_finish_ret
                0x0800b186      0x128 io6Library\Security\mbedtls\library\sha256.o
                0x0800b186                mbedtls_sha256_finish_ret
 .text.mbedtls_sha256_ret
                0x0800b2ae       0x42 io6Library\Security\mbedtls\library\sha256.o
                0x0800b2ae                mbedtls_sha256_ret
 .text.mbedtls_sha512_init
                0x0800b2f0        0x8 io6Library\Security\mbedtls\library\sha512.o
                0x0800b2f0                mbedtls_sha512_init
 .text.mbedtls_sha512_free
                0x0800b2f8        0xa io6Library\Security\mbedtls\library\sha512.o
                0x0800b2f8                mbedtls_sha512_free
 .text.mbedtls_sha512_clone
                0x0800b302        0xa io6Library\Security\mbedtls\library\sha512.o
                0x0800b302                mbedtls_sha512_clone
 *fill*         0x0800b30c        0x4 
 .text.mbedtls_sha512_starts_ret
                0x0800b310      0x138 io6Library\Security\mbedtls\library\sha512.o
                0x0800b310                mbedtls_sha512_starts_ret
 .text.mbedtls_internal_sha512_process
                0x0800b448      0xc88 io6Library\Security\mbedtls\library\sha512.o
                0x0800b448                mbedtls_internal_sha512_process
 .text.mbedtls_sha512_update_ret
                0x0800c0d0       0x98 io6Library\Security\mbedtls\library\sha512.o
                0x0800c0d0                mbedtls_sha512_update_ret
 .text.mbedtls_sha512_finish_ret
                0x0800c168      0x268 io6Library\Security\mbedtls\library\sha512.o
                0x0800c168                mbedtls_sha512_finish_ret
 .text.mbedtls_sha512_ret
                0x0800c3d0       0x42 io6Library\Security\mbedtls\library\sha512.o
                0x0800c3d0                mbedtls_sha512_ret
 *fill*         0x0800c412        0x2 
 .text.mbedtls_ssl_list_ciphersuites
                0x0800c414        0x8 io6Library\Security\mbedtls\library\ssl_ciphersuites.o
                0x0800c414                mbedtls_ssl_list_ciphersuites
 .text.mbedtls_ssl_ciphersuite_from_id
                0x0800c41c       0x18 io6Library\Security\mbedtls\library\ssl_ciphersuites.o
                0x0800c41c                mbedtls_ssl_ciphersuite_from_id
 .text.mbedtls_ssl_get_ciphersuite_name
                0x0800c434       0x14 io6Library\Security\mbedtls\library\ssl_ciphersuites.o
                0x0800c434                mbedtls_ssl_get_ciphersuite_name
 .text.mbedtls_ssl_own_key
                0x0800c448       0x16 io6Library\Security\mbedtls\library\ssl_cli.o
 *fill*         0x0800c45e        0x2 
 .text.mbedtls_ssl_handshake_client_step
                0x0800c460      0xfc4 io6Library\Security\mbedtls\library\ssl_cli.o
                0x0800c460                mbedtls_ssl_handshake_client_step
 .text.ssl_update_out_pointers
                0x0800d424       0x2e io6Library\Security\mbedtls\library\ssl_tls.o
 *fill*         0x0800d452        0x2 
 .text.ssl_set_timer
                0x0800d454       0x38 io6Library\Security\mbedtls\library\ssl_tls.o
 .text.ssl_calc_finished_tls_sha256
                0x0800d48c       0xd8 io6Library\Security\mbedtls\library\ssl_tls.o
 .text.ssl_calc_verify_tls_sha256
                0x0800d564       0x78 io6Library\Security\mbedtls\library\ssl_tls.o
 .text.tls_prf_generic
                0x0800d5dc      0x120 io6Library\Security\mbedtls\library\ssl_tls.o
 .text.tls_prf_sha256
                0x0800d6fc       0x20 io6Library\Security\mbedtls\library\ssl_tls.o
 .text.tls_prf_sha384
                0x0800d71c       0x20 io6Library\Security\mbedtls\library\ssl_tls.o
 .text.ssl_calc_finished_tls_sha384
                0x0800d73c       0xe0 io6Library\Security\mbedtls\library\ssl_tls.o
 .text.ssl_calc_verify_tls_sha384
                0x0800d81c       0x78 io6Library\Security\mbedtls\library\ssl_tls.o
 .text.ssl_update_checksum_sha256
                0x0800d894        0x8 io6Library\Security\mbedtls\library\ssl_tls.o
 .text.ssl_update_checksum_sha384
                0x0800d89c        0x8 io6Library\Security\mbedtls\library\ssl_tls.o
 .text.ssl_update_checksum_start
                0x0800d8a4       0x20 io6Library\Security\mbedtls\library\ssl_tls.o
 .text.ssl_reset_in_out_pointers
                0x0800d8c4       0x2c io6Library\Security\mbedtls\library\ssl_tls.o
 .text.mbedtls_ssl_derive_keys
                0x0800d8f0      0x4dc io6Library\Security\mbedtls\library\ssl_tls.o
                0x0800d8f0                mbedtls_ssl_derive_keys
 .text.mbedtls_ssl_fetch_input
                0x0800ddcc      0x174 io6Library\Security\mbedtls\library\ssl_tls.o
                0x0800ddcc                mbedtls_ssl_fetch_input
 .text.mbedtls_ssl_flush_output
                0x0800df40      0x110 io6Library\Security\mbedtls\library\ssl_tls.o
                0x0800df40                mbedtls_ssl_flush_output
 .text.mbedtls_ssl_write_record
                0x0800e050      0x57c io6Library\Security\mbedtls\library\ssl_tls.o
                0x0800e050                mbedtls_ssl_write_record
 .text.mbedtls_ssl_write_handshake_msg
                0x0800e5cc       0xfc io6Library\Security\mbedtls\library\ssl_tls.o
                0x0800e5cc                mbedtls_ssl_write_handshake_msg
 .text.mbedtls_ssl_prepare_handshake_record
                0x0800e6c8       0x8c io6Library\Security\mbedtls\library\ssl_tls.o
                0x0800e6c8                mbedtls_ssl_prepare_handshake_record
 .text.mbedtls_ssl_update_handshake_status
                0x0800e754       0x1e io6Library\Security\mbedtls\library\ssl_tls.o
                0x0800e754                mbedtls_ssl_update_handshake_status
 *fill*         0x0800e772        0x2 
 .text.mbedtls_ssl_handle_message_type
                0x0800e774      0x114 io6Library\Security\mbedtls\library\ssl_tls.o
                0x0800e774                mbedtls_ssl_handle_message_type
 .text.mbedtls_ssl_send_alert_message
                0x0800e888       0xa8 io6Library\Security\mbedtls\library\ssl_tls.o
                0x0800e888                mbedtls_ssl_send_alert_message
 .text.mbedtls_ssl_read_record
                0x0800e930      0x888 io6Library\Security\mbedtls\library\ssl_tls.o
                0x0800e930                mbedtls_ssl_read_record
 .text.mbedtls_ssl_write_certificate
                0x0800f1b8      0x190 io6Library\Security\mbedtls\library\ssl_tls.o
                0x0800f1b8                mbedtls_ssl_write_certificate
 .text.mbedtls_ssl_parse_certificate
                0x0800f348      0x34c io6Library\Security\mbedtls\library\ssl_tls.o
                0x0800f348                mbedtls_ssl_parse_certificate
 .text.mbedtls_ssl_write_change_cipher_spec
                0x0800f694       0x74 io6Library\Security\mbedtls\library\ssl_tls.o
                0x0800f694                mbedtls_ssl_write_change_cipher_spec
 .text.mbedtls_ssl_parse_change_cipher_spec
                0x0800f708       0xdc io6Library\Security\mbedtls\library\ssl_tls.o
                0x0800f708                mbedtls_ssl_parse_change_cipher_spec
 .text.mbedtls_ssl_optimize_checksum
                0x0800f7e4       0x1c io6Library\Security\mbedtls\library\ssl_tls.o
                0x0800f7e4                mbedtls_ssl_optimize_checksum
 .text.mbedtls_ssl_write_finished
                0x0800f800       0xe0 io6Library\Security\mbedtls\library\ssl_tls.o
                0x0800f800                mbedtls_ssl_write_finished
 .text.mbedtls_ssl_parse_finished
                0x0800f8e0      0x124 io6Library\Security\mbedtls\library\ssl_tls.o
                0x0800f8e0                mbedtls_ssl_parse_finished
 .text.mbedtls_ssl_session_init
                0x0800fa04        0x8 io6Library\Security\mbedtls\library\ssl_tls.o
                0x0800fa04                mbedtls_ssl_session_init
 .text.mbedtls_ssl_init
                0x0800fa0c        0x8 io6Library\Security\mbedtls\library\ssl_tls.o
                0x0800fa0c                mbedtls_ssl_init
 .text.mbedtls_ssl_conf_authmode
                0x0800fa14        0xe io6Library\Security\mbedtls\library\ssl_tls.o
                0x0800fa14                mbedtls_ssl_conf_authmode
 .text.mbedtls_ssl_conf_rng
                0x0800fa22        0x6 io6Library\Security\mbedtls\library\ssl_tls.o
                0x0800fa22                mbedtls_ssl_conf_rng
 .text.mbedtls_ssl_conf_dbg
                0x0800fa28        0x6 io6Library\Security\mbedtls\library\ssl_tls.o
                0x0800fa28                mbedtls_ssl_conf_dbg
 .text.mbedtls_ssl_set_bio
                0x0800fa2e        0xc io6Library\Security\mbedtls\library\ssl_tls.o
                0x0800fa2e                mbedtls_ssl_set_bio
 .text.mbedtls_ssl_conf_ca_chain
                0x0800fa3a        0x6 io6Library\Security\mbedtls\library\ssl_tls.o
                0x0800fa3a                mbedtls_ssl_conf_ca_chain
 .text.mbedtls_ssl_set_hostname
                0x0800fa40       0x6c io6Library\Security\mbedtls\library\ssl_tls.o
                0x0800fa40                mbedtls_ssl_set_hostname
 .text.mbedtls_ssl_get_ciphersuite
                0x0800faac       0x10 io6Library\Security\mbedtls\library\ssl_tls.o
                0x0800faac                mbedtls_ssl_get_ciphersuite
 .text.mbedtls_ssl_handshake_step
                0x0800fabc       0x24 io6Library\Security\mbedtls\library\ssl_tls.o
                0x0800fabc                mbedtls_ssl_handshake_step
 .text.mbedtls_ssl_handshake
                0x0800fae0       0x5c io6Library\Security\mbedtls\library\ssl_tls.o
                0x0800fae0                mbedtls_ssl_handshake
 .text.mbedtls_ssl_read
                0x0800fb3c      0x20c io6Library\Security\mbedtls\library\ssl_tls.o
                0x0800fb3c                mbedtls_ssl_read
 .text.mbedtls_ssl_write
                0x0800fd48       0xe0 io6Library\Security\mbedtls\library\ssl_tls.o
                0x0800fd48                mbedtls_ssl_write
 .text.mbedtls_ssl_close_notify
                0x0800fe28       0x88 io6Library\Security\mbedtls\library\ssl_tls.o
                0x0800fe28                mbedtls_ssl_close_notify
 .text.mbedtls_ssl_transform_free
                0x0800feb0       0x32 io6Library\Security\mbedtls\library\ssl_tls.o
                0x0800feb0                mbedtls_ssl_transform_free
 .text.mbedtls_ssl_handshake_free
                0x0800fee2       0x26 io6Library\Security\mbedtls\library\ssl_tls.o
                0x0800fee2                mbedtls_ssl_handshake_free
 .text.mbedtls_ssl_session_free
                0x0800ff08       0x22 io6Library\Security\mbedtls\library\ssl_tls.o
                0x0800ff08                mbedtls_ssl_session_free
 *fill*         0x0800ff2a        0x2 
 .text.mbedtls_ssl_handshake_wrapup
                0x0800ff2c       0xd4 io6Library\Security\mbedtls\library\ssl_tls.o
                0x0800ff2c                mbedtls_ssl_handshake_wrapup
 .text.ssl_handshake_init
                0x08010000      0x108 io6Library\Security\mbedtls\library\ssl_tls.o
 .text.mbedtls_ssl_setup
                0x08010108       0xb0 io6Library\Security\mbedtls\library\ssl_tls.o
                0x08010108                mbedtls_ssl_setup
 .text.mbedtls_ssl_free
                0x080101b8       0xd0 io6Library\Security\mbedtls\library\ssl_tls.o
                0x080101b8                mbedtls_ssl_free
 .text.mbedtls_ssl_config_init
                0x08010288        0x8 io6Library\Security\mbedtls\library\ssl_tls.o
                0x08010288                mbedtls_ssl_config_init
 .text.mbedtls_ssl_config_defaults
                0x08010290       0x78 io6Library\Security\mbedtls\library\ssl_tls.o
                0x08010290                mbedtls_ssl_config_defaults
 .text.mbedtls_ssl_config_free
                0x08010308       0x1e io6Library\Security\mbedtls\library\ssl_tls.o
                0x08010308                mbedtls_ssl_config_free
 .text.mbedtls_ssl_sig_from_pk
                0x08010326       0x10 io6Library\Security\mbedtls\library\ssl_tls.o
                0x08010326                mbedtls_ssl_sig_from_pk
 *fill*         0x08010336        0x2 
 .text.mbedtls_ssl_hash_from_md_alg
                0x08010338       0x14 io6Library\Security\mbedtls\library\ssl_tls.o
                0x08010338                mbedtls_ssl_hash_from_md_alg
 .text.mbedtls_ssl_write_version
                0x0801034c        0x6 io6Library\Security\mbedtls\library\ssl_tls.o
                0x0801034c                mbedtls_ssl_write_version
 .text.mbedtls_ssl_read_version
                0x08010352        0xa io6Library\Security\mbedtls\library\ssl_tls.o
                0x08010352                mbedtls_ssl_read_version
 .text.x509_parse_int
                0x0801035c       0x38 io6Library\Security\mbedtls\library\x509.o
 .text.mbedtls_x509_get_serial
                0x08010394       0x50 io6Library\Security\mbedtls\library\x509.o
                0x08010394                mbedtls_x509_get_serial
 .text.mbedtls_x509_get_alg
                0x080103e4        0xe io6Library\Security\mbedtls\library\x509.o
                0x080103e4                mbedtls_x509_get_alg
 *fill*         0x080103f2        0x2 
 .text.mbedtls_x509_get_name
                0x080103f4       0xf8 io6Library\Security\mbedtls\library\x509.o
                0x080103f4                mbedtls_x509_get_name
 .text.mbedtls_x509_get_time
                0x080104ec      0x164 io6Library\Security\mbedtls\library\x509.o
                0x080104ec                mbedtls_x509_get_time
 .text.mbedtls_x509_get_sig
                0x08010650       0x3c io6Library\Security\mbedtls\library\x509.o
                0x08010650                mbedtls_x509_get_sig
 .text.mbedtls_x509_get_sig_alg
                0x0801068c       0x40 io6Library\Security\mbedtls\library\x509.o
                0x0801068c                mbedtls_x509_get_sig_alg
 .text.mbedtls_x509_get_ext
                0x080106cc       0x54 io6Library\Security\mbedtls\library\x509.o
                0x080106cc                mbedtls_x509_get_ext
 .text.mbedtls_x509_dn_gets
                0x08010720      0x104 io6Library\Security\mbedtls\library\x509.o
                0x08010720                mbedtls_x509_dn_gets
 .text.mbedtls_x509_serial_gets
                0x08010824       0x94 io6Library\Security\mbedtls\library\x509.o
                0x08010824                mbedtls_x509_serial_gets
 .text.mbedtls_x509_sig_alg_gets
                0x080108b8       0x50 io6Library\Security\mbedtls\library\x509.o
                0x080108b8                mbedtls_x509_sig_alg_gets
 .text.mbedtls_x509_key_size_helper
                0x08010908       0x24 io6Library\Security\mbedtls\library\x509.o
                0x08010908                mbedtls_x509_key_size_helper
 .text.mbedtls_x509_time_is_past
                0x0801092c        0x4 io6Library\Security\mbedtls\library\x509.o
                0x0801092c                mbedtls_x509_time_is_past
 .text.mbedtls_x509_time_is_future
                0x08010930        0x4 io6Library\Security\mbedtls\library\x509.o
                0x08010930                mbedtls_x509_time_is_future
 .text.x509_memcasecmp
                0x08010934       0x2e io6Library\Security\mbedtls\library\x509_crt.o
 .text.x509_name_cmp
                0x08010962       0xa2 io6Library\Security\mbedtls\library\x509_crt.o
 .text.x509_crt_check_cn
                0x08010a04       0x64 io6Library\Security\mbedtls\library\x509_crt.o
 .text.unlikely.x509_get_uid
                0x08010a68       0x36 io6Library\Security\mbedtls\library\x509_crt.o
 .text.x509_profile_check_key.isra.3
                0x08010a9e       0x2e io6Library\Security\mbedtls\library\x509_crt.o
 .text.mbedtls_x509_crt_info
                0x08010acc      0x67c io6Library\Security\mbedtls\library\x509_crt.o
                0x08010acc                mbedtls_x509_crt_info
 .text.mbedtls_x509_crt_verify_restartable
                0x08011148      0x39c io6Library\Security\mbedtls\library\x509_crt.o
                0x08011148                mbedtls_x509_crt_verify_restartable
 .text.mbedtls_x509_crt_init
                0x080114e4        0xa io6Library\Security\mbedtls\library\x509_crt.o
                0x080114e4                mbedtls_x509_crt_init
 .text.mbedtls_x509_crt_free
                0x080114ee       0xb4 io6Library\Security\mbedtls\library\x509_crt.o
                0x080114ee                mbedtls_x509_crt_free
 *fill*         0x080115a2        0x2 
 .text.mbedtls_x509_crt_parse_der
                0x080115a4      0x644 io6Library\Security\mbedtls\library\x509_crt.o
                0x080115a4                mbedtls_x509_crt_parse_der
 .text.mbedtls_x509_crt_parse
                0x08011be8       0xe8 io6Library\Security\mbedtls\library\x509_crt.o
                0x08011be8                mbedtls_x509_crt_parse
 .text.Reset_Handler
                0x08011cd0       0x48 startup\startup_stm32f103xe.o
                0x08011cd0                Reset_Handler
 .text.Default_Handler
                0x08011d18        0x2 startup\startup_stm32f103xe.o
                0x08011d18                RTC_Alarm_IRQHandler
                0x08011d18                EXTI2_IRQHandler
                0x08011d18                TIM8_TRG_COM_IRQHandler
                0x08011d18                TIM8_CC_IRQHandler
                0x08011d18                TIM1_CC_IRQHandler
                0x08011d18                TIM6_IRQHandler
                0x08011d18                PVD_IRQHandler
                0x08011d18                SDIO_IRQHandler
                0x08011d18                EXTI3_IRQHandler
                0x08011d18                EXTI0_IRQHandler
                0x08011d18                I2C2_EV_IRQHandler
                0x08011d18                ADC1_2_IRQHandler
                0x08011d18                SPI1_IRQHandler
                0x08011d18                TAMPER_IRQHandler
                0x08011d18                TIM8_UP_IRQHandler
                0x08011d18                DMA2_Channel2_IRQHandler
                0x08011d18                DMA1_Channel4_IRQHandler
                0x08011d18                USART3_IRQHandler
                0x08011d18                RTC_IRQHandler
                0x08011d18                DMA1_Channel7_IRQHandler
                0x08011d18                CAN1_RX1_IRQHandler
                0x08011d18                UART5_IRQHandler
                0x08011d18                ADC3_IRQHandler
                0x08011d18                TIM4_IRQHandler
                0x08011d18                DMA2_Channel1_IRQHandler
                0x08011d18                I2C1_EV_IRQHandler
                0x08011d18                DMA1_Channel6_IRQHandler
                0x08011d18                UART4_IRQHandler
                0x08011d18                TIM3_IRQHandler
                0x08011d18                RCC_IRQHandler
                0x08011d18                TIM1_TRG_COM_IRQHandler
                0x08011d18                DMA1_Channel1_IRQHandler
                0x08011d18                Default_Handler
                0x08011d18                EXTI15_10_IRQHandler
                0x08011d18                TIM7_IRQHandler
                0x08011d18                TIM5_IRQHandler
                0x08011d18                EXTI9_5_IRQHandler
                0x08011d18                SPI2_IRQHandler
                0x08011d18                DMA1_Channel5_IRQHandler
                0x08011d18                EXTI4_IRQHandler
                0x08011d18                USB_LP_CAN1_RX0_IRQHandler
                0x08011d18                USB_HP_CAN1_TX_IRQHandler
                0x08011d18                DMA1_Channel3_IRQHandler
                0x08011d18                FSMC_IRQHandler
                0x08011d18                TIM1_UP_IRQHandler
                0x08011d18                WWDG_IRQHandler
                0x08011d18                TIM2_IRQHandler
                0x08011d18                TIM1_BRK_IRQHandler
                0x08011d18                EXTI1_IRQHandler
                0x08011d18                DMA2_Channel4_5_IRQHandler
                0x08011d18                USART2_IRQHandler
                0x08011d18                I2C2_ER_IRQHandler
                0x08011d18                DMA1_Channel2_IRQHandler
                0x08011d18                TIM8_BRK_IRQHandler
                0x08011d18                CAN1_SCE_IRQHandler
                0x08011d18                FLASH_IRQHandler
                0x08011d18                SPI3_IRQHandler
                0x08011d18                I2C1_ER_IRQHandler
                0x08011d18                USBWakeUp_IRQHandler
                0x08011d18                DMA2_Channel3_IRQHandler
 *fill*         0x08011d1a        0x2 
 .text.calloc   0x08011d1c       0x10 c:/program files (x86)/atollic/truestudio for stm32 9.2.0/armtools/bin/../lib/gcc/arm-atollic-eabi/6.3.1/../../../../arm-atollic-eabi/lib/armv7-m\libc_nano.a(lib_a-calloc.o)
                0x08011d1c                calloc
 .text.__errno  0x08011d2c        0xc c:/program files (x86)/atollic/truestudio for stm32 9.2.0/armtools/bin/../lib/gcc/arm-atollic-eabi/6.3.1/../../../../arm-atollic-eabi/lib/armv7-m\libc_nano.a(lib_a-errno.o)
                0x08011d2c                __errno
 .text.__libc_init_array
                0x08011d38       0x48 c:/program files (x86)/atollic/truestudio for stm32 9.2.0/armtools/bin/../lib/gcc/arm-atollic-eabi/6.3.1/../../../../arm-atollic-eabi/lib/armv7-m\libc_nano.a(lib_a-init.o)
                0x08011d38                __libc_init_array
 .text.malloc   0x08011d80       0x10 c:/program files (x86)/atollic/truestudio for stm32 9.2.0/armtools/bin/../lib/gcc/arm-atollic-eabi/6.3.1/../../../../arm-atollic-eabi/lib/armv7-m\libc_nano.a(lib_a-malloc.o)
                0x08011d80                malloc
 .text.free     0x08011d90       0x10 c:/program files (x86)/atollic/truestudio for stm32 9.2.0/armtools/bin/../lib/gcc/arm-atollic-eabi/6.3.1/../../../../arm-atollic-eabi/lib/armv7-m\libc_nano.a(lib_a-malloc.o)
                0x08011d90                free
 .text.memcmp   0x08011da0       0x1e c:/program files (x86)/atollic/truestudio for stm32 9.2.0/armtools/bin/../lib/gcc/arm-atollic-eabi/6.3.1/../../../../arm-atollic-eabi/lib/armv7-m\libc_nano.a(lib_a-memcmp.o)
                0x08011da0                memcmp
 .text.memcpy   0x08011dbe       0x16 c:/program files (x86)/atollic/truestudio for stm32 9.2.0/armtools/bin/../lib/gcc/arm-atollic-eabi/6.3.1/../../../../arm-atollic-eabi/lib/armv7-m\libc_nano.a(lib_a-memcpy-stub.o)
                0x08011dbe                memcpy
 .text.memmove  0x08011dd4       0x34 c:/program files (x86)/atollic/truestudio for stm32 9.2.0/armtools/bin/../lib/gcc/arm-atollic-eabi/6.3.1/../../../../arm-atollic-eabi/lib/armv7-m\libc_nano.a(lib_a-memmove.o)
                0x08011dd4                memmove
 .text.memset   0x08011e08       0x10 c:/program files (x86)/atollic/truestudio for stm32 9.2.0/armtools/bin/../lib/gcc/arm-atollic-eabi/6.3.1/../../../../arm-atollic-eabi/lib/armv7-m\libc_nano.a(lib_a-memset.o)
                0x08011e08                memset
 .text._calloc_r
                0x08011e18       0x1c c:/program files (x86)/atollic/truestudio for stm32 9.2.0/armtools/bin/../lib/gcc/arm-atollic-eabi/6.3.1/../../../../arm-atollic-eabi/lib/armv7-m\libc_nano.a(lib_a-nano-callocr.o)
                0x08011e18                _calloc_r
 .text._free_r  0x08011e34       0x98 c:/program files (x86)/atollic/truestudio for stm32 9.2.0/armtools/bin/../lib/gcc/arm-atollic-eabi/6.3.1/../../../../arm-atollic-eabi/lib/armv7-m\libc_nano.a(lib_a-nano-freer.o)
                0x08011e34                _free_r
 .text._malloc_r
                0x08011ecc       0xbc c:/program files (x86)/atollic/truestudio for stm32 9.2.0/armtools/bin/../lib/gcc/arm-atollic-eabi/6.3.1/../../../../arm-atollic-eabi/lib/armv7-m\libc_nano.a(lib_a-nano-mallocr.o)
                0x08011ecc                _malloc_r
 .text.printf   0x08011f88       0x30 c:/program files (x86)/atollic/truestudio for stm32 9.2.0/armtools/bin/../lib/gcc/arm-atollic-eabi/6.3.1/../../../../arm-atollic-eabi/lib/armv7-m\libc_nano.a(lib_a-printf.o)
                0x08011f88                iprintf
                0x08011f88                printf
 .text._puts_r  0x08011fb8       0xb8 c:/program files (x86)/atollic/truestudio for stm32 9.2.0/armtools/bin/../lib/gcc/arm-atollic-eabi/6.3.1/../../../../arm-atollic-eabi/lib/armv7-m\libc_nano.a(lib_a-puts.o)
                0x08011fb8                _puts_r
 .text.puts     0x08012070       0x10 c:/program files (x86)/atollic/truestudio for stm32 9.2.0/armtools/bin/../lib/gcc/arm-atollic-eabi/6.3.1/../../../../arm-atollic-eabi/lib/armv7-m\libc_nano.a(lib_a-puts.o)
                0x08012070                puts
 .text.srand    0x08012080       0x50 c:/program files (x86)/atollic/truestudio for stm32 9.2.0/armtools/bin/../lib/gcc/arm-atollic-eabi/6.3.1/../../../../arm-atollic-eabi/lib/armv7-m\libc_nano.a(lib_a-rand.o)
                0x08012080                srand
 .text.rand     0x080120d0       0x74 c:/program files (x86)/atollic/truestudio for stm32 9.2.0/armtools/bin/../lib/gcc/arm-atollic-eabi/6.3.1/../../../../arm-atollic-eabi/lib/armv7-m\libc_nano.a(lib_a-rand.o)
                0x080120d0                rand
 .text._sbrk_r  0x08012144       0x20 c:/program files (x86)/atollic/truestudio for stm32 9.2.0/armtools/bin/../lib/gcc/arm-atollic-eabi/6.3.1/../../../../arm-atollic-eabi/lib/armv7-m\libc_nano.a(lib_a-sbrkr.o)
                0x08012144                _sbrk_r
 .text.snprintf
                0x08012164       0x68 c:/program files (x86)/atollic/truestudio for stm32 9.2.0/armtools/bin/../lib/gcc/arm-atollic-eabi/6.3.1/../../../../arm-atollic-eabi/lib/armv7-m\libc_nano.a(lib_a-snprintf.o)
                0x08012164                sniprintf
                0x08012164                snprintf
 .text.strncmp  0x080121cc       0x24 c:/program files (x86)/atollic/truestudio for stm32 9.2.0/armtools/bin/../lib/gcc/arm-atollic-eabi/6.3.1/../../../../arm-atollic-eabi/lib/armv7-m\libc_nano.a(lib_a-strncmp.o)
                0x080121cc                strncmp
 .text.strstr   0x080121f0       0x36 c:/program files (x86)/atollic/truestudio for stm32 9.2.0/armtools/bin/../lib/gcc/arm-atollic-eabi/6.3.1/../../../../arm-atollic-eabi/lib/armv7-m\libc_nano.a(lib_a-strstr.o)
                0x080121f0                strstr
 .text._vsnprintf_r
                0x08012226       0x58 c:/program files (x86)/atollic/truestudio for stm32 9.2.0/armtools/bin/../lib/gcc/arm-atollic-eabi/6.3.1/../../../../arm-atollic-eabi/lib/armv7-m\libc_nano.a(lib_a-vsnprintf.o)
                0x08012226                _vsniprintf_r
                0x08012226                _vsnprintf_r
 *fill*         0x0801227e        0x2 
 .text.vsnprintf
                0x08012280       0x1c c:/program files (x86)/atollic/truestudio for stm32 9.2.0/armtools/bin/../lib/gcc/arm-atollic-eabi/6.3.1/../../../../arm-atollic-eabi/lib/armv7-m\libc_nano.a(lib_a-vsnprintf.o)
                0x08012280                vsniprintf
                0x08012280                vsnprintf
 .text.__swbuf_r
                0x0801229c       0xa4 c:/program files (x86)/atollic/truestudio for stm32 9.2.0/armtools/bin/../lib/gcc/arm-atollic-eabi/6.3.1/../../../../arm-atollic-eabi/lib/armv7-m\libc_nano.a(lib_a-wbuf.o)
                0x0801229c                __swbuf_r
 .text.__swsetup_r
                0x08012340       0xdc c:/program files (x86)/atollic/truestudio for stm32 9.2.0/armtools/bin/../lib/gcc/arm-atollic-eabi/6.3.1/../../../../arm-atollic-eabi/lib/armv7-m\libc_nano.a(lib_a-wsetup.o)
                0x08012340                __swsetup_r
 .text.__sflush_r
                0x0801241c      0x110 c:/program files (x86)/atollic/truestudio for stm32 9.2.0/armtools/bin/../lib/gcc/arm-atollic-eabi/6.3.1/../../../../arm-atollic-eabi/lib/armv7-m\libc_nano.a(lib_a-fflush.o)
                0x0801241c                __sflush_r
 .text._fflush_r
                0x0801252c       0x54 c:/program files (x86)/atollic/truestudio for stm32 9.2.0/armtools/bin/../lib/gcc/arm-atollic-eabi/6.3.1/../../../../arm-atollic-eabi/lib/armv7-m\libc_nano.a(lib_a-fflush.o)
                0x0801252c                _fflush_r
 .text._cleanup_r
                0x08012580        0xc c:/program files (x86)/atollic/truestudio for stm32 9.2.0/armtools/bin/../lib/gcc/arm-atollic-eabi/6.3.1/../../../../arm-atollic-eabi/lib/armv7-m\libc_nano.a(lib_a-findfp.o)
                0x08012580                _cleanup_r
 .text.std.isra.0
                0x0801258c       0x48 c:/program files (x86)/atollic/truestudio for stm32 9.2.0/armtools/bin/../lib/gcc/arm-atollic-eabi/6.3.1/../../../../arm-atollic-eabi/lib/armv7-m\libc_nano.a(lib_a-findfp.o)
 .text.__sfmoreglue
                0x080125d4       0x2c c:/program files (x86)/atollic/truestudio for stm32 9.2.0/armtools/bin/../lib/gcc/arm-atollic-eabi/6.3.1/../../../../arm-atollic-eabi/lib/armv7-m\libc_nano.a(lib_a-findfp.o)
                0x080125d4                __sfmoreglue
 .text.__sinit  0x08012600       0x60 c:/program files (x86)/atollic/truestudio for stm32 9.2.0/armtools/bin/../lib/gcc/arm-atollic-eabi/6.3.1/../../../../arm-atollic-eabi/lib/armv7-m\libc_nano.a(lib_a-findfp.o)
                0x08012600                __sinit
 .text.__sfp    0x08012660       0x78 c:/program files (x86)/atollic/truestudio for stm32 9.2.0/armtools/bin/../lib/gcc/arm-atollic-eabi/6.3.1/../../../../arm-atollic-eabi/lib/armv7-m\libc_nano.a(lib_a-findfp.o)
                0x08012660                __sfp
 .text._fwalk_reent
                0x080126d8       0x3c c:/program files (x86)/atollic/truestudio for stm32 9.2.0/armtools/bin/../lib/gcc/arm-atollic-eabi/6.3.1/../../../../arm-atollic-eabi/lib/armv7-m\libc_nano.a(lib_a-fwalk.o)
                0x080126d8                _fwalk_reent
 .text.__swhatbuf_r
                0x08012714       0x48 c:/program files (x86)/atollic/truestudio for stm32 9.2.0/armtools/bin/../lib/gcc/arm-atollic-eabi/6.3.1/../../../../arm-atollic-eabi/lib/armv7-m\libc_nano.a(lib_a-makebuf.o)
                0x08012714                __swhatbuf_r
 .text.__smakebuf_r
                0x0801275c       0x80 c:/program files (x86)/atollic/truestudio for stm32 9.2.0/armtools/bin/../lib/gcc/arm-atollic-eabi/6.3.1/../../../../arm-atollic-eabi/lib/armv7-m\libc_nano.a(lib_a-makebuf.o)
                0x0801275c                __smakebuf_r
 .text.__malloc_lock
                0x080127dc        0x2 c:/program files (x86)/atollic/truestudio for stm32 9.2.0/armtools/bin/../lib/gcc/arm-atollic-eabi/6.3.1/../../../../arm-atollic-eabi/lib/armv7-m\libc_nano.a(lib_a-mlock.o)
                0x080127dc                __malloc_lock
 .text.__malloc_unlock
                0x080127de        0x2 c:/program files (x86)/atollic/truestudio for stm32 9.2.0/armtools/bin/../lib/gcc/arm-atollic-eabi/6.3.1/../../../../arm-atollic-eabi/lib/armv7-m\libc_nano.a(lib_a-mlock.o)
                0x080127de                __malloc_unlock
 .text.__ssputs_r
                0x080127e0       0xb6 c:/program files (x86)/atollic/truestudio for stm32 9.2.0/armtools/bin/../lib/gcc/arm-atollic-eabi/6.3.1/../../../../arm-atollic-eabi/lib/armv7-m\libc_nano.a(lib_a-nano-svfprintf.o)
                0x080127e0                __ssputs_r
 *fill*         0x08012896        0x2 
 .text._svfprintf_r
                0x08012898      0x1e8 c:/program files (x86)/atollic/truestudio for stm32 9.2.0/armtools/bin/../lib/gcc/arm-atollic-eabi/6.3.1/../../../../arm-atollic-eabi/lib/armv7-m\libc_nano.a(lib_a-nano-svfprintf.o)
                0x08012898                _svfiprintf_r
                0x08012898                _svfprintf_r
 .text.__sfputc_r
                0x08012a80       0x2c c:/program files (x86)/atollic/truestudio for stm32 9.2.0/armtools/bin/../lib/gcc/arm-atollic-eabi/6.3.1/../../../../arm-atollic-eabi/lib/armv7-m\libc_nano.a(lib_a-nano-vfprintf.o)
 .text.__sfputs_r
                0x08012aac       0x24 c:/program files (x86)/atollic/truestudio for stm32 9.2.0/armtools/bin/../lib/gcc/arm-atollic-eabi/6.3.1/../../../../arm-atollic-eabi/lib/armv7-m\libc_nano.a(lib_a-nano-vfprintf.o)
                0x08012aac                __sfputs_r
 .text._vfprintf_r
                0x08012ad0      0x22c c:/program files (x86)/atollic/truestudio for stm32 9.2.0/armtools/bin/../lib/gcc/arm-atollic-eabi/6.3.1/../../../../arm-atollic-eabi/lib/armv7-m\libc_nano.a(lib_a-nano-vfprintf.o)
                0x08012ad0                _vfprintf_r
                0x08012ad0                _vfiprintf_r
 .text._printf_common
                0x08012cfc       0xee c:/program files (x86)/atollic/truestudio for stm32 9.2.0/armtools/bin/../lib/gcc/arm-atollic-eabi/6.3.1/../../../../arm-atollic-eabi/lib/armv7-m\libc_nano.a(lib_a-nano-vfprintf_i.o)
                0x08012cfc                _printf_common
 *fill*         0x08012dea        0x2 
 .text._printf_i
                0x08012dec      0x240 c:/program files (x86)/atollic/truestudio for stm32 9.2.0/armtools/bin/../lib/gcc/arm-atollic-eabi/6.3.1/../../../../arm-atollic-eabi/lib/armv7-m\libc_nano.a(lib_a-nano-vfprintf_i.o)
                0x08012dec                _printf_i
 .text.__sread  0x0801302c       0x22 c:/program files (x86)/atollic/truestudio for stm32 9.2.0/armtools/bin/../lib/gcc/arm-atollic-eabi/6.3.1/../../../../arm-atollic-eabi/lib/armv7-m\libc_nano.a(lib_a-stdio.o)
                0x0801302c                __sread
 .text.__swrite