wizchip_conf.c:72:6:wizchip_cs_deselect	0	static
wizchip_conf.c:165:9:wizchip_spi_read	0	static
wizchip_conf.c:175:6:wizchip_spi_write	0	static
wizchip_conf.c:186:6:wizchip_spi_read_buf	24	static
wizchip_conf.c:200:6:wizchip_spi_write_buf	24	static
wizchip_conf.c:63:6:wizchip_cs_select	0	static
wizchip_conf.c:45:6:wizchip_cris_enter	0	static
wizchip_conf.c:54:6:wizchip_cris_exit	0	static
wizchip_conf.c:256:6:reg_wizchip_cris_cbfunc	0	static
wizchip_conf.c:264:6:reg_wizchip_cs_cbfunc	0	static
wizchip_conf.c:294:6:reg_wizchip_spi_cbfunc	12	static
wizchip_conf.c:471:6:wizchip_sw_reset	96	static
wizchip_conf.c:498:8:wizchip_init	24	static
wizchip_conf.c:526:6:wizchip_clrinterrupt	24	static
wizchip_conf.c:540:11:wizchip_getinterrupt	8	static
wizchip_conf.c:547:6:wizchip_setinterruptmask	8	static
wizchip_conf.c:557:11:wizchip_getinterruptmask	8	static
wizchip_conf.c:564:8:wizphy_getphylink	8	static
wizchip_conf.c:574:6:wizphy_reset	16	static
wizchip_conf.c:587:6:wizphy_setphyconf	8	static
wizchip_conf.c:630:6:wizphy_getphyconf	16	static
wizchip_conf.c:649:6:wizphy_getphystatus	16	static
wizchip_conf.c:659:6:wizphy_setphypmode	8	static
wizchip_conf.c:675:8:wizphy_getphypmode	8	static
wizchip_conf.c:313:8:ctlwizchip	16	static
wizchip_conf.c:685:6:wizchip_setnetinfo	8	static
wizchip_conf.c:703:6:wizchip_getnetinfo	8	static
wizchip_conf.c:722:6:wizchip_setnetmode	8	static
wizchip_conf.c:731:14:wizchip_getnetmode	8	static
wizchip_conf.c:741:6:wizchip_settimeout	8	static
wizchip_conf.c:749:6:wizchip_gettimeout	16	static
wizchip_conf.c:415:8:ctlnetwork	8	static
wizchip_conf.c:757:8:wizchip_arp	16	static
wizchip_conf.c:781:8:wizchip_ping	16	static
wizchip_conf.c:803:8:wizchip_dad	16	static
wizchip_conf.c:815:8:wizchip_slaac	16	static
wizchip_conf.c:834:8:wizchip_unsolicited	16	static
wizchip_conf.c:845:8:wizchip_getprefix	16	static
wizchip_conf.c:449:8:ctlnetservice	0	static
