bignum.c:441:12:mpi_get_digit	8	static
bignum.c:1035:13:mpi_sub_hlp	20	static
bignum.c:1216:6:mpi_mul_hlp	32	static
bignum.c:89:6:mbedtls_mpi_init	0	static
bignum.c:101:6:mbedtls_mpi_free	8	static
bignum.c:120:5:mbedtls_mpi_grow	24	static
bignum.c:151:5:mbedtls_mpi_shrink	24	static
bignum.c:191:5:mbedtls_mpi_copy	24	static
bignum.c:233:6:mbedtls_mpi_swap	24	static
bignum.c:249:5:mbedtls_mpi_safe_cond_assign	24	static
bignum.c:279:5:mbedtls_mpi_safe_cond_swap	24	static
bignum.c:315:5:mbedtls_mpi_lset	16	static
bignum.c:334:5:mbedtls_mpi_get_bit	0	static
bignum.c:351:5:mbedtls_mpi_set_bit	24	static
bignum.c:380:8:mbedtls_mpi_lsb	16	static
bignum.c:414:8:mbedtls_mpi_bitlen	8	static
bignum.c:433:8:mbedtls_mpi_size	8	static
bignum.c:721:5:mbedtls_mpi_read_binary	24	static
bignum.c:751:5:mbedtls_mpi_write_binary	24	static
bignum.c:797:5:mbedtls_mpi_shift_l	24	static
bignum.c:848:5:mbedtls_mpi_shift_r	20	static
bignum.c:892:5:mbedtls_mpi_cmp_abs	16	static
bignum.c:1673:12:mpi_montmul	56	static
bignum.c:924:5:mbedtls_mpi_cmp_mpi	16	static
bignum.c:959:5:mbedtls_mpi_cmp_int	24	static
bignum.c:976:5:mbedtls_mpi_add_abs	24	static
bignum.c:1056:5:mbedtls_mpi_sub_abs	40	static
bignum.c:1102:5:mbedtls_mpi_add_mpi	24	static
bignum.c:1137:5:mbedtls_mpi_sub_mpi	24	static
bignum.c:1172:5:mbedtls_mpi_add_int	24	static
bignum.c:1190:5:mbedtls_mpi_sub_int	24	static
bignum.c:1280:5:mbedtls_mpi_mul_mpi	56	static
bignum.c:1320:5:mbedtls_mpi_mul_int	24	static
bignum.c:458:5:mbedtls_mpi_read_string	48	static
bignum.c:1434:5:mbedtls_mpi_div_mpi	144	static
bignum.c:1552:5:mbedtls_mpi_div_int	24	static
bignum.c:1571:5:mbedtls_mpi_mod_mpi	16	static
bignum.c:1597:5:mbedtls_mpi_mod_int	20	static
bignum.c:532:12:mpi_write_hlp	32	static
bignum.c:559:5:mbedtls_mpi_write_string	48	static
bignum.c:1731:5:mbedtls_mpi_exp_mod	1656	static
bignum.c:1946:5:mbedtls_mpi_gcd	64	static
bignum.c:2006:5:mbedtls_mpi_fill_random	272	static
bignum.c:2029:5:mbedtls_mpi_inv_mod	136	static
