cipher.c:750:12:get_no_padding	0	static
cipher.c:95:12:mbedtls_cipher_list	12	static
cipher.c:116:30:mbedtls_cipher_info_from_type	0	static
cipher.c:127:30:mbedtls_cipher_info_from_string	16	static
cipher.c:141:30:mbedtls_cipher_info_from_values	12	static
cipher.c:156:6:mbedtls_cipher_init	0	static
cipher.c:162:6:mbedtls_cipher_free	8	static
cipher.c:209:5:mbedtls_cipher_setkey	8	static
cipher.c:249:5:mbedtls_cipher_set_iv	16	static
cipher.c:296:5:mbedtls_cipher_reset	0	static
cipher.c:308:5:mbedtls_cipher_update_ad	16	static
cipher.c:349:5:mbedtls_cipher_update	48	static
cipher.c:762:5:mbedtls_cipher_finish	32	static
cipher.c:853:5:mbedtls_cipher_set_padding_mode	0	static
cipher.c:182:5:mbedtls_cipher_setup	16	static
cipher.c:903:5:mbedtls_cipher_write_tag	4	static
cipher.c:935:5:mbedtls_cipher_check_tag	32	static
cipher.c:1000:5:mbedtls_cipher_crypt	40	static
cipher.c:1035:5:mbedtls_cipher_auth_encrypt	28	static
cipher.c:1090:5:mbedtls_cipher_auth_decrypt	40	static
