rsa.c:1899:12:rsa_rsassa_pkcs1_v15_encode	40	static
rsa.c:160:12:rsa_check_context.isra.0	24	static
rsa.c:96:5:mbedtls_rsa_import	32	static
rsa.c:119:5:mbedtls_rsa_import_raw	32	static
rsa.c:248:5:mbedtls_rsa_complete	56	static
rsa.c:343:5:mbedtls_rsa_export_raw	56	static
rsa.c:391:5:mbedtls_rsa_export	32	static
rsa.c:436:5:mbedtls_rsa_export_crt	24	static
rsa.c:476:6:mbedtls_rsa_init	16	static
rsa.c:496:6:mbedtls_rsa_set_padding	0	static
rsa.c:511:8:mbedtls_rsa_get_len	0	static
rsa.c:639:5:mbedtls_rsa_check_pubkey	16	static
rsa.c:664:5:mbedtls_rsa_check_privkey	40	static
rsa.c:694:5:mbedtls_rsa_check_pub_priv	16	static
rsa.c:718:5:mbedtls_rsa_public	48	static
rsa.c:829:5:mbedtls_rsa_private	176	static
rsa.c:1206:5:mbedtls_rsa_rsaes_pkcs1_v15_encrypt	48	static
rsa.c:1277:5:mbedtls_rsa_pkcs1_encrypt	16	static
rsa.c:1550:5:mbedtls_rsa_rsaes_pkcs1_v15_decrypt	296	static
rsa.c:1716:5:mbedtls_rsa_pkcs1_decrypt	20	static
rsa.c:2014:5:mbedtls_rsa_rsassa_pkcs1_v15_sign	40	static
rsa.c:2094:5:mbedtls_rsa_pkcs1_sign	20	static
rsa.c:2318:5:mbedtls_rsa_rsassa_pkcs1_v15_verify	48	static
rsa.c:2401:5:mbedtls_rsa_pkcs1_verify	20	static
rsa.c:2482:6:mbedtls_rsa_free	8	static
rsa.c:2440:5:mbedtls_rsa_copy	16	static
