sha1.c:79:6:mbedtls_sha1_init	0	static
sha1.c:86:6:mbedtls_sha1_free	0	static
sha1.c:94:6:mbedtls_sha1_clone	8	static
sha1.c:106:5:mbedtls_sha1_starts_ret	0	static
sha1.c:123:6:mbedtls_sha1_starts	0	static
sha1.c:130:5:mbedtls_internal_sha1_process	128	static
sha1.c:293:6:mbedtls_sha1_process	0	static
sha1.c:304:5:mbedtls_sha1_update_ret	24	static
sha1.c:355:6:mbedtls_sha1_update	0	static
sha1.c:366:5:mbedtls_sha1_finish_ret	16	static
sha1.c:425:6:mbedtls_sha1_finish	0	static
sha1.c:437:5:mbedtls_sha1_ret	120	static
sha1.c:465:6:mbedtls_sha1	0	static
