sha256.c:81:6:mbedtls_sha256_init	0	static
sha256.c:88:6:mbedtls_sha256_free	0	static
sha256.c:96:6:mbedtls_sha256_clone	8	static
sha256.c:108:5:mbedtls_sha256_starts_ret	0	static
sha256.c:147:6:mbedtls_sha256_starts	0	static
sha256.c:200:5:mbedtls_internal_sha256_process	352	static
sha256.c:262:6:mbedtls_sha256_process	0	static
sha256.c:273:5:mbedtls_sha256_update_ret	24	static
sha256.c:324:6:mbedtls_sha256_update	0	static
sha256.c:335:5:mbedtls_sha256_finish_ret	16	static
sha256.c:399:6:mbedtls_sha256_finish	0	static
sha256.c:411:5:mbedtls_sha256_ret	136	static
sha256.c:441:6:mbedtls_sha256	0	static
