sha512.c:95:6:mbedtls_sha512_init	0	static
sha512.c:102:6:mbedtls_sha512_free	0	static
sha512.c:110:6:mbedtls_sha512_clone	8	static
sha512.c:122:5:mbedtls_sha512_starts_ret	0	static
sha512.c:161:6:mbedtls_sha512_starts	0	static
sha512.c:217:5:mbedtls_internal_sha512_process	1192	static
sha512.c:293:6:mbedtls_sha512_process	0	static
sha512.c:304:5:mbedtls_sha512_update_ret	32	static
sha512.c:354:6:mbedtls_sha512_update	0	static
sha512.c:365:5:mbedtls_sha512_finish_ret	32	static
sha512.c:431:6:mbedtls_sha512_finish	0	static
sha512.c:443:5:mbedtls_sha512_ret	240	static
sha512.c:473:6:mbedtls_sha512	0	static
