x509.c:471:12:x509_parse_int	16	static
x509.c:76:5:mbedtls_x509_get_serial	16	static
x509.c:107:5:mbedtls_x509_get_alg_null	8	static
x509.c:121:5:mbedtls_x509_get_alg	8	static
x509.c:418:5:mbedtls_x509_get_name	32	static
x509.c:589:5:mbedtls_x509_get_time	32	static
x509.c:619:5:mbedtls_x509_get_sig	24	static
x509.c:646:5:mbedtls_x509_get_sig_alg	8	static
x509.c:695:5:mbedtls_x509_get_ext	24	static
x509.c:736:5:mbedtls_x509_dn_gets	304	static
x509.c:798:5:mbedtls_x509_serial_gets	48	static
x509.c:832:5:mbedtls_x509_sig_alg_gets	24	static
x509.c:877:5:mbedtls_x509_key_size_helper	8	static
x509.c:981:5:mbedtls_x509_time_is_past	0	static
x509.c:987:5:mbedtls_x509_time_is_future	0	static
